Archive member included to satisfy reference by file (symbol)

C:/Users/scott/Documents/arm-gnu-toolchain-14.3.rel1-mingw-w64-i686-arm-none-eabi/bin/../lib/gcc/arm-none-eabi/14.3.1/thumb/v6-m/nofp\libgcc.a(_dvmd_tls.o)
                              CMakeFiles/urt_vl53.dir/C_/Users/scott/pico-sdk/src/rp2_common/pico_divider/divider_hardware.S.obj (__aeabi_idiv0)
C:/Users/scott/Documents/arm-gnu-toolchain-14.3.rel1-mingw-w64-i686-arm-none-eabi/bin/../lib/gcc/arm-none-eabi/14.3.1/../../../../arm-none-eabi/lib/thumb/v6-m/nofp\libg.a(libc_a-calloc.o)
                              CMakeFiles/urt_vl53.dir/C_/Users/scott/pico-sdk/src/rp2_common/pico_malloc/malloc.c.obj (calloc)
C:/Users/scott/Documents/arm-gnu-toolchain-14.3.rel1-mingw-w64-i686-arm-none-eabi/bin/../lib/gcc/arm-none-eabi/14.3.1/../../../../arm-none-eabi/lib/thumb/v6-m/nofp\libg.a(libc_a-callocr.o)
                              C:/Users/scott/Documents/arm-gnu-toolchain-14.3.rel1-mingw-w64-i686-arm-none-eabi/bin/../lib/gcc/arm-none-eabi/14.3.1/../../../../arm-none-eabi/lib/thumb/v6-m/nofp\libg.a(libc_a-calloc.o) (_calloc_r)
C:/Users/scott/Documents/arm-gnu-toolchain-14.3.rel1-mingw-w64-i686-arm-none-eabi/bin/../lib/gcc/arm-none-eabi/14.3.1/../../../../arm-none-eabi/lib/thumb/v6-m/nofp\libg.a(libc_a-malloc.o)
                              CMakeFiles/urt_vl53.dir/C_/Users/scott/pico-sdk/src/rp2_common/pico_malloc/malloc.c.obj (malloc)
C:/Users/scott/Documents/arm-gnu-toolchain-14.3.rel1-mingw-w64-i686-arm-none-eabi/bin/../lib/gcc/arm-none-eabi/14.3.1/../../../../arm-none-eabi/lib/thumb/v6-m/nofp\libg.a(libc_a-mallocr.o)
                              C:/Users/scott/Documents/arm-gnu-toolchain-14.3.rel1-mingw-w64-i686-arm-none-eabi/bin/../lib/gcc/arm-none-eabi/14.3.1/../../../../arm-none-eabi/lib/thumb/v6-m/nofp\libg.a(libc_a-callocr.o) (_malloc_r)
C:/Users/scott/Documents/arm-gnu-toolchain-14.3.rel1-mingw-w64-i686-arm-none-eabi/bin/../lib/gcc/arm-none-eabi/14.3.1/../../../../arm-none-eabi/lib/thumb/v6-m/nofp\libg.a(libc_a-mlock.o)
                              C:/Users/scott/Documents/arm-gnu-toolchain-14.3.rel1-mingw-w64-i686-arm-none-eabi/bin/../lib/gcc/arm-none-eabi/14.3.1/../../../../arm-none-eabi/lib/thumb/v6-m/nofp\libg.a(libc_a-mallocr.o) (__malloc_lock)
C:/Users/scott/Documents/arm-gnu-toolchain-14.3.rel1-mingw-w64-i686-arm-none-eabi/bin/../lib/gcc/arm-none-eabi/14.3.1/../../../../arm-none-eabi/lib/thumb/v6-m/nofp\libg.a(libc_a-realloc.o)
                              CMakeFiles/urt_vl53.dir/C_/Users/scott/pico-sdk/src/rp2_common/pico_malloc/malloc.c.obj (realloc)
C:/Users/scott/Documents/arm-gnu-toolchain-14.3.rel1-mingw-w64-i686-arm-none-eabi/bin/../lib/gcc/arm-none-eabi/14.3.1/../../../../arm-none-eabi/lib/thumb/v6-m/nofp\libg.a(libc_a-reallocr.o)
                              C:/Users/scott/Documents/arm-gnu-toolchain-14.3.rel1-mingw-w64-i686-arm-none-eabi/bin/../lib/gcc/arm-none-eabi/14.3.1/../../../../arm-none-eabi/lib/thumb/v6-m/nofp\libg.a(libc_a-realloc.o) (_realloc_r)
C:/Users/scott/Documents/arm-gnu-toolchain-14.3.rel1-mingw-w64-i686-arm-none-eabi/bin/../lib/gcc/arm-none-eabi/14.3.1/../../../../arm-none-eabi/lib/thumb/v6-m/nofp\libg.a(libc_a-memcmp.o)
                              CMakeFiles/urt_vl53.dir/C_/Users/scott/pico-sdk/src/rp2_common/pico_atomic/atomic.c.obj (memcmp)
C:/Users/scott/Documents/arm-gnu-toolchain-14.3.rel1-mingw-w64-i686-arm-none-eabi/bin/../lib/gcc/arm-none-eabi/14.3.1/../../../../arm-none-eabi/lib/thumb/v6-m/nofp\libg.a(libc_a-memmove.o)
                              CMakeFiles/urt_vl53.dir/st_api/vl53l0x_api.c.obj (memmove)
C:/Users/scott/Documents/arm-gnu-toolchain-14.3.rel1-mingw-w64-i686-arm-none-eabi/bin/../lib/gcc/arm-none-eabi/14.3.1/../../../../arm-none-eabi/lib/thumb/v6-m/nofp\libg.a(libc_a-lcltime_r.o)
                              CMakeFiles/urt_vl53.dir/C_/Users/scott/pico-sdk/src/common/pico_util/datetime.c.obj (localtime_r)
C:/Users/scott/Documents/arm-gnu-toolchain-14.3.rel1-mingw-w64-i686-arm-none-eabi/bin/../lib/gcc/arm-none-eabi/14.3.1/../../../../arm-none-eabi/lib/thumb/v6-m/nofp\libg.a(libc_a-mktime.o)
                              CMakeFiles/urt_vl53.dir/C_/Users/scott/pico-sdk/src/common/pico_util/datetime.c.obj (mktime)
C:/Users/scott/Documents/arm-gnu-toolchain-14.3.rel1-mingw-w64-i686-arm-none-eabi/bin/../lib/gcc/arm-none-eabi/14.3.1/../../../../arm-none-eabi/lib/thumb/v6-m/nofp\libg.a(libc_a-month_lengths.o)
                              C:/Users/scott/Documents/arm-gnu-toolchain-14.3.rel1-mingw-w64-i686-arm-none-eabi/bin/../lib/gcc/arm-none-eabi/14.3.1/../../../../arm-none-eabi/lib/thumb/v6-m/nofp\libg.a(libc_a-lcltime_r.o) (__month_lengths)
C:/Users/scott/Documents/arm-gnu-toolchain-14.3.rel1-mingw-w64-i686-arm-none-eabi/bin/../lib/gcc/arm-none-eabi/14.3.1/../../../../arm-none-eabi/lib/thumb/v6-m/nofp\libg.a(libc_a-tzcalc_limits.o)
[...]
Memory Configuration

Name             Origin             Length             Attributes
FLASH            0x10000000         0x00200000         xr
RAM              0x20000000         0x00040000         xrw
SCRATCH_X        0x20040000         0x00001000         xrw
SCRATCH_Y        0x20041000         0x00001000         xrw
*default*        0x00000000         0xffffffff

Linker script and memory map

LOAD C:/Users/scott/Documents/arm-gnu-toolchain-14.3.rel1-mingw-w64-i686-arm-none-eabi/bin/../lib/gcc/arm-none-eabi/14.3.1/thumb/v6-m/nofp/crti.o
LOAD C:/Users/scott/Documents/arm-gnu-toolchain-14.3.rel1-mingw-w64-i686-arm-none-eabi/bin/../lib/gcc/arm-none-eabi/14.3.1/thumb/v6-m/nofp/crtbegin.o
LOAD C:/Users/scott/Documents/arm-gnu-toolchain-14.3.rel1-mingw-w64-i686-arm-none-eabi/bin/../lib/gcc/arm-none-eabi/14.3.1/../../../../arm-none-eabi/lib/thumb/v6-m/nofp/crt0.o

.flash_begin    0x10000000        0x0
                0x10000000                        __flash_binary_start = .

.boot2          0x10000000      0x100
                0x10000000                        __boot2_start__ = .
 *(.boot2)
 .boot2         0x10000000      0x100 pico-sdk/src/rp2040/boot_stage2/CMakeFiles/bs2_default_library.dir/./bs2_default_padded_checksummed.S.obj
                0x10000100                        __boot2_end__ = .
                0x00000001                        ASSERT (((__boot2_end__ - __boot2_start__) == 0x100), ERROR: Pico second stage bootloader must be 256 bytes in size)

.text           0x10000100     0xa7e4
                0x10000100                        __logical_binary_start = .
 *(.vectors)
 .vectors       0x10000100       0xd4 CMakeFiles/urt_vl53.dir/C_/Users/scott/pico-sdk/src/rp2_common/pico_crt0/crt0.S.obj
                0x10000100                __VECTOR_TABLE
                0x10000100                __vectors
                0x100001c0                isr_irq13
                0x100001c0                isr_irq27
                0x100001c0                isr_irq31
                0x100001c0                isr_irq12
                0x100001c0                isr_irq5
                0x100001c0                isr_irq11
                0x100001c0                isr_irq3
                0x100001c0                isr_irq23
                0x100001c0                __unhandled_user_irq
                0x100001c0                isr_irq26
                0x100001c0                isr_irq28
                0x100001c0                isr_irq19
                0x100001c0                isr_irq0
                0x100001c0                isr_irq6
                0x100001c0                isr_irq29
                0x100001c0                isr_irq16
                0x100001c0                isr_irq22
                0x100001c0                isr_irq18
                0x100001c0                isr_irq17
                0x100001c0                isr_irq14
                0x100001c0                __vectors_end
                0x100001c0                __default_isrs_start
                0x100001c0                isr_irq2
                0x100001c0                isr_irq10
                0x100001c0                isr_irq8
                0x100001c0                isr_irq24
                0x100001c0                isr_irq1
                0x100001c0                isr_irq7
                0x100001c0                isr_irq21
                0x100001c0                isr_irq20
                0x100001c0                isr_irq15
                0x100001c0                isr_irq25
                0x100001c0                isr_irq4
                0x100001c0                isr_irq30
                0x100001c0                isr_irq9
                0x100001c6                unhandled_user_irq_num_in_r0
                0x100001c8                isr_invalid
                0x100001ca                isr_nmi
                0x100001cc                isr_hardfault
                0x100001ce                isr_svcall
                0x100001d0                isr_pendsv
                0x100001d2                isr_systick
                0x100001d4                __default_isrs_end
 *(.binary_info_header)
 .binary_info_header
                0x100001d4       0x14 CMakeFiles/urt_vl53.dir/C_/Users/scott/pico-sdk/src/rp2_common/pico_crt0/crt0.S.obj
                0x100001e8                        __binary_info_header_end = .
 *(.embedded_block)
                0x100001e8                        __embedded_block_end = .
 *(.reset)
 .reset         0x100001e8       0x9c CMakeFiles/urt_vl53.dir/C_/Users/scott/pico-sdk/src/rp2_common/pico_crt0/crt0.S.obj
                0x100001e8                _entry_point
 *(.init)
 .init          0x10000284        0x4 C:/Users/scott/Documents/arm-gnu-toolchain-14.3.rel1-mingw-w64-i686-arm-none-eabi/bin/../lib/gcc/arm-none-eabi/14.3.1/thumb/v6-m/nofp/crti.o
                0x10000284                _init
 *(EXCLUDE_FILE(*libm.a: *libc.a:*lib_a-mem*.o *libgcc.a:) .text*)
 .text.register_tm_clones
                0x10000288       0x28 C:/Users/scott/Documents/arm-gnu-toolchain-14.3.rel1-mingw-w64-i686-arm-none-eabi/bin/../lib/gcc/arm-none-eabi/14.3.1/thumb/v6-m/nofp/crtbegin.o
 .text.frame_dummy
                0x100002b0       0x24 C:/Users/scott/Documents/arm-gnu-toolchain-14.3.rel1-mingw-w64-i686-arm-none-eabi/bin/../lib/gcc/arm-none-eabi/14.3.1/thumb/v6-m/nofp/crtbegin.o
 .text.startup.main
                0x100002d4      0x1ec CMakeFiles/urt_vl53.dir/src/main.c.obj
                0x100002d4                main
 .text.vl53_setup_gpio1
                0x100004c0       0x28 CMakeFiles/urt_vl53.dir/src/vl53.c.obj
                0x100004c0                vl53_setup_gpio1
 .text.vl53_ready_gpio
                0x100004e8       0x24 CMakeFiles/urt_vl53.dir/src/vl53.c.obj
                0x100004e8                vl53_ready_gpio
 .text.vl53_start_async
                0x1000050c       0x20 CMakeFiles/urt_vl53.dir/src/vl53.c.obj
                0x1000050c                vl53_start_async
 .text.vl53_read_async_mm
                0x1000052c       0x54 CMakeFiles/urt_vl53.dir/src/vl53.c.obj
                0x1000052c                vl53_read_async_mm
 .text.vl53_run_offset_cal_mm
                0x10000580       0x3c CMakeFiles/urt_vl53.dir/src/vl53.c.obj
                0x10000580                vl53_run_offset_cal_mm
 .text.vl53l0x_platform_init
                0x100005bc      0x128 CMakeFiles/urt_vl53.dir/src/vl53.c.obj
                0x100005bc                vl53l0x_platform_init
 .text.vl53_read_mm
                0x100006e4       0x4c CMakeFiles/urt_vl53.dir/src/vl53.c.obj
                0x100006e4                vl53_read_mm
 .text.VL53L0X_WriteMulti
                0x10000730       0x50 CMakeFiles/urt_vl53.dir/src/platform/vl53l0x_platform.c.obj
                0x10000730                VL53L0X_WriteMulti
 .text.VL53L0X_ReadMulti
                0x10000780       0x58 CMakeFiles/urt_vl53.dir/src/platform/vl53l0x_platform.c.obj
                0x10000780                VL53L0X_ReadMulti
 .text.VL53L0X_WrByte
                0x100007d8       0x30 CMakeFiles/urt_vl53.dir/src/platform/vl53l0x_platform.c.obj
                0x100007d8                VL53L0X_WrByte
 .text.VL53L0X_WrWord
                0x10000808       0x34 CMakeFiles/urt_vl53.dir/src/platform/vl53l0x_platform.c.obj
                0x10000808                VL53L0X_WrWord
 .text.VL53L0X_RdByte
                0x1000083c       0x48 CMakeFiles/urt_vl53.dir/src/platform/vl53l0x_platform.c.obj
                0x1000083c                VL53L0X_RdByte
 .text.VL53L0X_RdWord
                0x10000884       0x5c CMakeFiles/urt_vl53.dir/src/platform/vl53l0x_platform.c.obj
                0x10000884                VL53L0X_RdWord
 .text.VL53L0X_RdDWord
                0x100008e0       0x50 CMakeFiles/urt_vl53.dir/src/platform/vl53l0x_platform.c.obj
                0x100008e0                VL53L0X_RdDWord
 .text.VL53L0X_UpdateByte
                0x10000930       0x9c CMakeFiles/urt_vl53.dir/src/platform/vl53l0x_platform.c.obj
                0x10000930                VL53L0X_UpdateByte
 .text.VL53L0X_PollingDelay
                0x100009cc        0xc CMakeFiles/urt_vl53.dir/src/platform/vl53l0x_platform.c.obj
                0x100009cc                VL53L0X_PollingDelay
 .text.VL53L0X_SetOffsetCalibrationDataMicroMeter
                0x100009d8        0x8 CMakeFiles/urt_vl53.dir/st_api/vl53l0x_api.c.obj
                0x100009d8                VL53L0X_SetOffsetCalibrationDataMicroMeter
 .text.VL53L0X_GetDeviceParameters
                0x100009e0      0x174 CMakeFiles/urt_vl53.dir/st_api/vl53l0x_api.c.obj
                0x100009e0                VL53L0X_GetDeviceParameters
 .text.VL53L0X_DataInit
                0x10000b54      0x24c CMakeFiles/urt_vl53.dir/st_api/vl53l0x_api.c.obj
                0x10000b54                VL53L0X_DataInit
 .text.VL53L0X_SetDeviceMode
                0x10000da0       0x1c CMakeFiles/urt_vl53.dir/st_api/vl53l0x_api.c.obj
                0x10000da0                VL53L0X_SetDeviceMode
 .text.VL53L0X_SetMeasurementTimingBudgetMicroSeconds
                0x10000dbc        0x8 CMakeFiles/urt_vl53.dir/st_api/vl53l0x_api.c.obj
                0x10000dbc                VL53L0X_SetMeasurementTimingBudgetMicroSeconds
 .text.VL53L0X_GetVcselPulsePeriod
                0x10000dc4        0x8 CMakeFiles/urt_vl53.dir/st_api/vl53l0x_api.c.obj
                0x10000dc4                VL53L0X_GetVcselPulsePeriod
 .text.VL53L0X_SetSequenceStepEnable
                0x10000dcc       0xd8 CMakeFiles/urt_vl53.dir/st_api/vl53l0x_api.c.obj
                0x10000dcc                VL53L0X_SetSequenceStepEnable
 .text.VL53L0X_StaticInit
                0x10000ea4      0x248 CMakeFiles/urt_vl53.dir/st_api/vl53l0x_api.c.obj
                0x10000ea4                VL53L0X_StaticInit
 .text.VL53L0X_GetSequenceStepEnable
                0x100010ec       0x60 CMakeFiles/urt_vl53.dir/st_api/vl53l0x_api.c.obj
                0x100010ec                VL53L0X_GetSequenceStepEnable
 .text.VL53L0X_GetSequenceStepEnables
                0x1000114c       0x40 CMakeFiles/urt_vl53.dir/st_api/vl53l0x_api.c.obj
                0x1000114c                VL53L0X_GetSequenceStepEnables
 .text.VL53L0X_GetXTalkCompensationEnable
                0x1000118c        0x8 CMakeFiles/urt_vl53.dir/st_api/vl53l0x_api.c.obj
                0x1000118c                VL53L0X_GetXTalkCompensationEnable
 .text.VL53L0X_SetLimitCheckEnable
                0x10001194       0x98 CMakeFiles/urt_vl53.dir/st_api/vl53l0x_api.c.obj
                0x10001194                VL53L0X_SetLimitCheckEnable
 .text.VL53L0X_GetLimitCheckEnable
                0x1000122c       0x18 CMakeFiles/urt_vl53.dir/st_api/vl53l0x_api.c.obj
                0x1000122c                VL53L0X_GetLimitCheckEnable
 .text.VL53L0X_GetLimitCheckValue
                0x10001244       0x7c CMakeFiles/urt_vl53.dir/st_api/vl53l0x_api.c.obj
                0x10001244                VL53L0X_GetLimitCheckValue
 .text.VL53L0X_PerformRefCalibration
                0x100012c0        0xc CMakeFiles/urt_vl53.dir/st_api/vl53l0x_api.c.obj
                0x100012c0                VL53L0X_PerformRefCalibration
 .text.VL53L0X_CheckAndLoadInterruptSettings
                0x100012cc       0xe0 CMakeFiles/urt_vl53.dir/st_api/vl53l0x_api.c.obj
                0x100012cc                VL53L0X_CheckAndLoadInterruptSettings
 .text.VL53L0X_StartMeasurement
                0x100013ac      0x104 CMakeFiles/urt_vl53.dir/st_api/vl53l0x_api.c.obj
                0x100013ac                VL53L0X_StartMeasurement
 .text.VL53L0X_GetMeasurementDataReady
                0x100014b0       0x60 CMakeFiles/urt_vl53.dir/st_api/vl53l0x_api.c.obj
                0x100014b0                VL53L0X_GetMeasurementDataReady
 .text.VL53L0X_GetRangingMeasurementData
                0x10001510      0x138 CMakeFiles/urt_vl53.dir/st_api/vl53l0x_api.c.obj
                0x10001510                VL53L0X_GetRangingMeasurementData
 .text.VL53L0X_PerformSingleRangingMeasurement
                0x10001648       0x90 CMakeFiles/urt_vl53.dir/st_api/vl53l0x_api.c.obj
                0x10001648                VL53L0X_PerformSingleRangingMeasurement
 .text.VL53L0X_ClearInterruptMask
                0x100016d8       0x64 CMakeFiles/urt_vl53.dir/st_api/vl53l0x_api.c.obj
                0x100016d8                VL53L0X_ClearInterruptMask
 .text.VL53L0X_PerformRefSpadManagement
                0x1000173c        0x8 CMakeFiles/urt_vl53.dir/st_api/vl53l0x_api.c.obj
                0x1000173c                VL53L0X_PerformRefSpadManagement
 .text.set_sequence_step_timeout.part.0
                0x10001744      0x19c CMakeFiles/urt_vl53.dir/st_api/vl53l0x_api_core.c.obj
 .text.VL53L0X_measurement_poll_for_completion
                0x100018e0       0x3c CMakeFiles/urt_vl53.dir/st_api/vl53l0x_api_core.c.obj
                0x100018e0                VL53L0X_measurement_poll_for_completion
 .text.VL53L0X_get_info_from_device
                0x1000191c      0xa54 CMakeFiles/urt_vl53.dir/st_api/vl53l0x_api_core.c.obj
                0x1000191c                VL53L0X_get_info_from_device
 .text.get_sequence_step_timeout
                0x10002370      0x19c CMakeFiles/urt_vl53.dir/st_api/vl53l0x_api_core.c.obj
                0x10002370                get_sequence_step_timeout
 .text.VL53L0X_get_vcsel_pulse_period
                0x1000250c       0x40 CMakeFiles/urt_vl53.dir/st_api/vl53l0x_api_core.c.obj
                0x1000250c                VL53L0X_get_vcsel_pulse_period
 .text.VL53L0X_set_measurement_timing_budget_micro_seconds
                0x1000254c      0x1b4 CMakeFiles/urt_vl53.dir/st_api/vl53l0x_api_core.c.obj
                0x1000254c                VL53L0X_set_measurement_timing_budget_micro_seconds
 .text.VL53L0X_get_measurement_timing_budget_micro_seconds
                0x10002700      0x1b8 CMakeFiles/urt_vl53.dir/st_api/vl53l0x_api_core.c.obj
                0x10002700                VL53L0X_get_measurement_timing_budget_micro_seconds
 .text.VL53L0X_load_tuning_settings
                0x100028b8       0xd8 CMakeFiles/urt_vl53.dir/st_api/vl53l0x_api_core.c.obj
                0x100028b8                VL53L0X_load_tuning_settings
 .text.VL53L0X_calc_dmax
                0x10002990       0xa8 CMakeFiles/urt_vl53.dir/st_api/vl53l0x_api_core.c.obj
                0x10002990                VL53L0X_calc_dmax
 .text.VL53L0X_calc_sigma_estimate
                0x10002a38      0x39c CMakeFiles/urt_vl53.dir/st_api/vl53l0x_api_core.c.obj
                0x10002a38                VL53L0X_calc_sigma_estimate
 .text.VL53L0X_get_pal_range_status
                0x10002dd4      0x288 CMakeFiles/urt_vl53.dir/st_api/vl53l0x_api_core.c.obj
                0x10002dd4                VL53L0X_get_pal_range_status
 .text.enable_ref_spads.constprop.0
                0x1000305c      0x194 CMakeFiles/urt_vl53.dir/st_api/vl53l0x_api_calibration.c.obj
 .text.VL53L0X_perform_offset_calibration
                0x100031f0       0xf4 CMakeFiles/urt_vl53.dir/st_api/vl53l0x_api_calibration.c.obj
                0x100031f0                VL53L0X_perform_offset_calibration
 .text.VL53L0X_set_offset_calibration_data_micro_meter
                0x100032e4       0x4c CMakeFiles/urt_vl53.dir/st_api/vl53l0x_api_calibration.c.obj
                0x100032e4                VL53L0X_set_offset_calibration_data_micro_meter
 .text.VL53L0X_get_offset_calibration_data_micro_meter
                0x10003330       0x3c CMakeFiles/urt_vl53.dir/st_api/vl53l0x_api_calibration.c.obj
                0x10003330                VL53L0X_get_offset_calibration_data_micro_meter
 .text.perform_ref_signal_measurement
                0x1000336c       0x68 CMakeFiles/urt_vl53.dir/st_api/vl53l0x_api_calibration.c.obj
                0x1000336c                perform_ref_signal_measurement
 .text.VL53L0X_set_reference_spads
                0x100033d4       0xbc CMakeFiles/urt_vl53.dir/st_api/vl53l0x_api_calibration.c.obj
                0x100033d4                VL53L0X_set_reference_spads
 .text.VL53L0X_ref_calibration_io
                0x10003490       0xf8 CMakeFiles/urt_vl53.dir/st_api/vl53l0x_api_calibration.c.obj
                0x10003490                VL53L0X_ref_calibration_io
 .text.VL53L0X_perform_ref_calibration
                0x10003588      0x120 CMakeFiles/urt_vl53.dir/st_api/vl53l0x_api_calibration.c.obj
                0x10003588                VL53L0X_perform_ref_calibration
 .text.VL53L0X_perform_ref_spad_management
                0x100036a8      0x4b8 CMakeFiles/urt_vl53.dir/st_api/vl53l0x_api_calibration.c.obj
                0x100036a8                VL53L0X_perform_ref_spad_management
 .text.gpio_set_function
                0x10003b60       0x34 CMakeFiles/urt_vl53.dir/C_/Users/scott/pico-sdk/src/rp2_common/hardware_gpio/gpio.c.obj
                0x10003b60                gpio_set_function
 .text.gpio_set_pulls
                0x10003b94       0x28 CMakeFiles/urt_vl53.dir/C_/Users/scott/pico-sdk/src/rp2_common/hardware_gpio/gpio.c.obj
                0x10003b94                gpio_set_pulls
 .text.gpio_init
                0x10003bbc       0x40 CMakeFiles/urt_vl53.dir/C_/Users/scott/pico-sdk/src/rp2_common/hardware_gpio/gpio.c.obj
                0x10003bbc                gpio_init
 .text.rp2040_chip_version
                0x10003bfc        0xc CMakeFiles/urt_vl53.dir/C_/Users/scott/pico-sdk/src/rp2040/pico_platform/platform.c.obj
                0x10003bfc                rp2040_chip_version
 .text.panic    0x10003c08       0x30 CMakeFiles/urt_vl53.dir/C_/Users/scott/pico-sdk/src/rp2_common/pico_platform_panic/panic.c.obj
                0x10003c08                panic
 .text.hw_claim_or_assert
                0x10003c38       0x44 CMakeFiles/urt_vl53.dir/C_/Users/scott/pico-sdk/src/common/hardware_claim/claim.c.obj
                0x10003c38                hw_claim_or_assert
 .text.hw_claim_unused_from_range
                0x10003c7c       0x88 CMakeFiles/urt_vl53.dir/C_/Users/scott/pico-sdk/src/common/hardware_claim/claim.c.obj
                0x10003c7c                hw_claim_unused_from_range
 .text.next_striped_spin_lock_num
                0x10003d04       0x18 CMakeFiles/urt_vl53.dir/C_/Users/scott/pico-sdk/src/rp2_common/hardware_sync/sync.c.obj
                0x10003d04                next_striped_spin_lock_num
 .text.spin_lock_claim_unused
                0x10003d1c       0x24 CMakeFiles/urt_vl53.dir/C_/Users/scott/pico-sdk/src/rp2_common/hardware_sync/sync.c.obj
                0x10003d1c                spin_lock_claim_unused
 .text.spin_locks_reset
                0x10003d40       0x1c CMakeFiles/urt_vl53.dir/C_/Users/scott/pico-sdk/src/rp2_common/hardware_sync_spin_lock/sync_spin_lock.c.obj
                0x10003d40                spin_locks_reset
 .text.runtime_init_per_core_irq_priorities
                0x10003d5c       0x24 CMakeFiles/urt_vl53.dir/C_/Users/scott/pico-sdk/src/rp2_common/hardware_irq/irq.c.obj
                0x10003d5c                runtime_init_per_core_irq_priorities
 .text.irq_set_enabled
                0x10003d80       0x24 CMakeFiles/urt_vl53.dir/C_/Users/scott/pico-sdk/src/rp2_common/hardware_irq/irq.c.obj
                0x10003d80                irq_set_enabled
 .text.irq_is_enabled
                0x10003da4       0x18 CMakeFiles/urt_vl53.dir/C_/Users/scott/pico-sdk/src/rp2_common/hardware_irq/irq.c.obj
                0x10003da4                irq_is_enabled
 .text.irq_set_pending
                0x10003dbc       0x10 CMakeFiles/urt_vl53.dir/C_/Users/scott/pico-sdk/src/rp2_common/hardware_irq/irq.c.obj
                0x10003dbc                irq_set_pending
 .text.irq_has_shared_handler
                0x10003dcc       0x24 CMakeFiles/urt_vl53.dir/C_/Users/scott/pico-sdk/src/rp2_common/hardware_irq/irq.c.obj
                0x10003dcc                irq_has_shared_handler
 .text.irq_set_exclusive_handler
                0x10003df0       0x54 CMakeFiles/urt_vl53.dir/C_/Users/scott/pico-sdk/src/rp2_common/hardware_irq/irq.c.obj
                0x10003df0                irq_set_exclusive_handler
 .text.irq_add_shared_handler
                0x10003e44      0x1f4 CMakeFiles/urt_vl53.dir/C_/Users/scott/pico-sdk/src/rp2_common/hardware_irq/irq.c.obj
                0x10003e44                irq_add_shared_handler
 .text.irq_add_tail_to_free_list
                0x10004038       0xb4 CMakeFiles/urt_vl53.dir/C_/Users/scott/pico-sdk/src/rp2_common/hardware_irq/irq.c.obj
                0x10004038                irq_add_tail_to_free_list
 .text.user_irq_claim_unused
                0x100040ec       0x2c CMakeFiles/urt_vl53.dir/C_/Users/scott/pico-sdk/src/rp2_common/hardware_irq/irq.c.obj
                0x100040ec                user_irq_claim_unused
 .text.lock_init
                0x10004118       0x10 CMakeFiles/urt_vl53.dir/C_/Users/scott/pico-sdk/src/common/pico_sync/lock_core.c.obj
                0x10004118                lock_init
 .text.runtime_init_mutex
                0x10004128       0x50 CMakeFiles/urt_vl53.dir/C_/Users/scott/pico-sdk/src/common/pico_sync/mutex.c.obj
                0x10004128                runtime_init_mutex
 .text.mutex_init
                0x10004178       0x1c CMakeFiles/urt_vl53.dir/C_/Users/scott/pico-sdk/src/common/pico_sync/mutex.c.obj
                0x10004178                mutex_init
 .text.critical_section_init
                0x10004194       0x1c CMakeFiles/urt_vl53.dir/C_/Users/scott/pico-sdk/src/common/pico_sync/critical_section.c.obj
                0x10004194                critical_section_init
 .text.critical_section_init_with_lock_num
                0x100041b0       0x14 CMakeFiles/urt_vl53.dir/C_/Users/scott/pico-sdk/src/common/pico_sync/critical_section.c.obj
                0x100041b0                critical_section_init_with_lock_num
 .text.sleep_until_callback
                0x100041c4       0x30 CMakeFiles/urt_vl53.dir/C_/Users/scott/pico-sdk/src/common/pico_time/time.c.obj
 .text.alarm_pool_irq_handler
                0x100041f4      0x2f8 CMakeFiles/urt_vl53.dir/C_/Users/scott/pico-sdk/src/common/pico_time/time.c.obj
 .text.runtime_init_default_alarm_pool
                0x100044ec       0xdc CMakeFiles/urt_vl53.dir/C_/Users/scott/pico-sdk/src/common/pico_time/time.c.obj
                0x100044ec                runtime_init_default_alarm_pool
 .text.alarm_pool_get_default
                0x100045c8        0x8 CMakeFiles/urt_vl53.dir/C_/Users/scott/pico-sdk/src/common/pico_time/time.c.obj
                0x100045c8                alarm_pool_get_default
 .text.alarm_pool_add_alarm_at
                0x100045d0       0xd0 CMakeFiles/urt_vl53.dir/C_/Users/scott/pico-sdk/src/common/pico_time/time.c.obj
                0x100045d0                alarm_pool_add_alarm_at
 .text.alarm_pool_add_alarm_at_force_in_context
                0x100046a0       0xb0 CMakeFiles/urt_vl53.dir/C_/Users/scott/pico-sdk/src/common/pico_time/time.c.obj
                0x100046a0                alarm_pool_add_alarm_at_force_in_context
 .text.alarm_pool_cancel_alarm
                0x10004750       0x74 CMakeFiles/urt_vl53.dir/C_/Users/scott/pico-sdk/src/common/pico_time/time.c.obj
                0x10004750                alarm_pool_cancel_alarm
 .text.alarm_pool_core_num
                0x100047c4        0x4 CMakeFiles/urt_vl53.dir/C_/Users/scott/pico-sdk/src/common/pico_time/time.c.obj
                0x100047c4                alarm_pool_core_num
 .text.sleep_ms
                0x100047c8       0xfc CMakeFiles/urt_vl53.dir/C_/Users/scott/pico-sdk/src/common/pico_time/time.c.obj
                0x100047c8                sleep_ms
 .text.best_effort_wfe_or_timeout
                0x100048c4      0x10c CMakeFiles/urt_vl53.dir/C_/Users/scott/pico-sdk/src/common/pico_time/time.c.obj
                0x100048c4                best_effort_wfe_or_timeout
 .text.timer_hardware_alarm_claim
                0x100049d0       0x14 CMakeFiles/urt_vl53.dir/C_/Users/scott/pico-sdk/src/rp2_common/hardware_timer/timer.c.obj
                0x100049d0                timer_hardware_alarm_claim
 .text.timer_time_us_64
                0x100049e4       0x10 CMakeFiles/urt_vl53.dir/C_/Users/scott/pico-sdk/src/rp2_common/hardware_timer/timer.c.obj
                0x100049e4                timer_time_us_64
 .text.time_us_64
                0x100049f4       0x14 CMakeFiles/urt_vl53.dir/C_/Users/scott/pico-sdk/src/rp2_common/hardware_timer/timer.c.obj
                0x100049f4                time_us_64
 .text.busy_wait_us
                0x10004a08       0x68 CMakeFiles/urt_vl53.dir/C_/Users/scott/pico-sdk/src/rp2_common/hardware_timer/timer.c.obj
                0x10004a08                busy_wait_us
 .text.busy_wait_until
                0x10004a70       0x20 CMakeFiles/urt_vl53.dir/C_/Users/scott/pico-sdk/src/rp2_common/hardware_timer/timer.c.obj
                0x10004a70                busy_wait_until
 .text.clock_configure_int_divider
                0x10004a90       0xf4 CMakeFiles/urt_vl53.dir/C_/Users/scott/pico-sdk/src/rp2_common/hardware_clocks/clocks.c.obj
                0x10004a90                clock_configure_int_divider
 .text.clock_configure_undivided
                0x10004b84       0xe8 CMakeFiles/urt_vl53.dir/C_/Users/scott/pico-sdk/src/rp2_common/hardware_clocks/clocks.c.obj
                0x10004b84                clock_configure_undivided
 .text.clock_get_hz
                0x10004c6c        0xc CMakeFiles/urt_vl53.dir/C_/Users/scott/pico-sdk/src/rp2_common/hardware_clocks/clocks.c.obj
                0x10004c6c                clock_get_hz
 .text.pll_init
                0x10004c78       0xa4 CMakeFiles/urt_vl53.dir/C_/Users/scott/pico-sdk/src/rp2_common/hardware_pll/pll.c.obj
                0x10004c78                pll_init
 .text.watchdog_reboot
                0x10004d1c       0x9c CMakeFiles/urt_vl53.dir/C_/Users/scott/pico-sdk/src/rp2_common/hardware_watchdog/watchdog.c.obj
                0x10004d1c                watchdog_reboot
 .text.tick_start
                0x10004db8       0x10 CMakeFiles/urt_vl53.dir/C_/Users/scott/pico-sdk/src/rp2_common/hardware_ticks/ticks.c.obj
                0x10004db8                tick_start
 .text.rom_func_lookup
                0x10004dc8       0x10 CMakeFiles/urt_vl53.dir/C_/Users/scott/pico-sdk/src/rp2_common/pico_bootrom/bootrom.c.obj
                0x10004dc8                rom_func_lookup
 .text.rom_data_lookup
                0x10004dd8       0x10 CMakeFiles/urt_vl53.dir/C_/Users/scott/pico-sdk/src/rp2_common/pico_bootrom/bootrom.c.obj
                0x10004dd8                rom_data_lookup
 .text.rom_funcs_lookup
                0x10004de8       0x44 CMakeFiles/urt_vl53.dir/C_/Users/scott/pico-sdk/src/rp2_common/pico_bootrom/bootrom.c.obj
                0x10004de8                rom_funcs_lookup
 .text.rom_reset_usb_boot_extra
                0x10004e2c       0x24 CMakeFiles/urt_vl53.dir/C_/Users/scott/pico-sdk/src/rp2_common/pico_bootrom/bootrom.c.obj
                0x10004e2c                rom_reset_usb_boot_extra
 .text.xosc_init
                0x10004e50       0x28 CMakeFiles/urt_vl53.dir/C_/Users/scott/pico-sdk/src/rp2_common/hardware_xosc/xosc.c.obj
                0x10004e50                xosc_init
 .text.first_per_core_initializer
                0x10004e78        0x4 CMakeFiles/urt_vl53.dir/C_/Users/scott/pico-sdk/src/rp2_common/pico_runtime/runtime.c.obj
 .text.hard_assertion_failure
                0x10004e7c        0xc CMakeFiles/urt_vl53.dir/C_/Users/scott/pico-sdk/src/rp2_common/pico_runtime/runtime.c.obj
                0x10004e7c                hard_assertion_failure
 .text.runtime_run_initializers
                0x10004e88       0x28 CMakeFiles/urt_vl53.dir/C_/Users/scott/pico-sdk/src/rp2_common/pico_runtime/runtime.c.obj
                0x10004e88                runtime_run_initializers
 .text.runtime_init_early_resets
                0x10004eb0       0x2c CMakeFiles/urt_vl53.dir/C_/Users/scott/pico-sdk/src/rp2_common/pico_runtime_init/runtime_init.c.obj
                0x10004eb0                runtime_init_early_resets
 .text.runtime_init_usb_power_down
                0x10004edc       0x1c CMakeFiles/urt_vl53.dir/C_/Users/scott/pico-sdk/src/rp2_common/pico_runtime_init/runtime_init.c.obj
                0x10004edc                runtime_init_usb_power_down
 .text.runtime_init_post_clock_resets
                0x10004ef8       0x20 CMakeFiles/urt_vl53.dir/C_/Users/scott/pico-sdk/src/rp2_common/pico_runtime_init/runtime_init.c.obj
                0x10004ef8                runtime_init_post_clock_resets
 .text.runtime_init_rp2040_gpio_ie_disable
                0x10004f18       0x14 CMakeFiles/urt_vl53.dir/C_/Users/scott/pico-sdk/src/rp2_common/pico_runtime_init/runtime_init.c.obj
                0x10004f18                runtime_init_rp2040_gpio_ie_disable
 .text.runtime_init_spin_locks_reset
                0x10004f2c        0x8 CMakeFiles/urt_vl53.dir/C_/Users/scott/pico-sdk/src/rp2_common/pico_runtime_init/runtime_init.c.obj
                0x10004f2c                runtime_init_spin_locks_reset
 .text.runtime_init_install_ram_vector_table
                0x10004f34       0xb4 CMakeFiles/urt_vl53.dir/C_/Users/scott/pico-sdk/src/rp2_common/pico_runtime_init/runtime_init.c.obj
                0x10004f34                runtime_init_install_ram_vector_table
 .text.runtime_init_clocks
                0x10004fe8       0xd8 CMakeFiles/urt_vl53.dir/C_/Users/scott/pico-sdk/src/rp2_common/pico_runtime_init/runtime_init_clocks.c.obj
                0x10004fe8                runtime_init_clocks
 .text          0x100050c0       0x10 CMakeFiles/urt_vl53.dir/C_/Users/scott/pico-sdk/src/rp2_common/pico_bit_ops/bit_ops_aeabi.S.obj
 .text.__wrap___aeabi_idiv
                0x100050d0       0x50 CMakeFiles/urt_vl53.dir/C_/Users/scott/pico-sdk/src/rp2_common/pico_divider/divider_hardware.S.obj
                0x100050d0                __wrap___aeabi_idivmod
                0x100050d0                divmod_s32s32
                0x100050d0                div_s32s32
                0x100050d0                __wrap___aeabi_idiv
                0x100050d8                divmod_s32s32_unsafe
                0x10005104                divmod_s32s32_savestate
 .text.__wrap___aeabi_uidiv
                0x10005120       0x4c CMakeFiles/urt_vl53.dir/C_/Users/scott/pico-sdk/src/rp2_common/pico_divider/divider_hardware.S.obj
                0x10005120                __wrap___aeabi_uidiv
                0x10005120                __wrap___aeabi_uidivmod
                0x10005120                div_u32u32
                0x10005120                divmod_u32u32
                0x10005128                divmod_u32u32_unsafe
                0x10005150                divmod_u32u32_savestate
 .text.__wrap___aeabi_ldiv
                0x1000516c      0x424 CMakeFiles/urt_vl53.dir/C_/Users/scott/pico-sdk/src/rp2_common/pico_divider/divider_hardware.S.obj
                0x1000516c                div_s64s64
                0x1000516c                divmod_s64s64
                0x1000516c                __wrap___aeabi_ldivmod
                0x1000519c                divmod_u64u64
                0x1000519c                div_u64u64
                0x1000519c                __wrap___aeabi_uldivmod
                0x100051ac                divmod_u64u64_savestate
                0x100051cc                divmod_s64s64_unsafe
                0x10005254                divmod_u64u64_unsafe
 .text.__wrap___aeabi_darithmetic
                0x10005590       0x80 CMakeFiles/urt_vl53.dir/C_/Users/scott/pico-sdk/src/rp2_common/pico_double/double_aeabi_rp2040.S.obj
                0x10005590                __wrap___aeabi_drsub
                0x10005596                __wrap___aeabi_dsub
                0x100055a8                __wrap___aeabi_dadd
                0x100055ba                __wrap___aeabi_ddiv
                0x100055f6                __wrap___aeabi_dmul
 .text.__wrap___aeabi_cdcmple
                0x10005610       0x6c CMakeFiles/urt_vl53.dir/C_/Users/scott/pico-sdk/src/rp2_common/pico_double/double_aeabi_rp2040.S.obj
                0x10005610                __wrap___aeabi_cdrcmple
                0x10005620                __wrap___aeabi_cdcmpeq
                0x10005620                __wrap___aeabi_cdcmple
 .text.__wrap___aeabi_dcmplt
                0x1000567c        0xc CMakeFiles/urt_vl53.dir/C_/Users/scott/pico-sdk/src/rp2_common/pico_double/double_aeabi_rp2040.S.obj
                0x1000567c                __wrap___aeabi_dcmplt
 .text.__wrap___aeabi_dcmple
                0x10005688       0x10 CMakeFiles/urt_vl53.dir/C_/Users/scott/pico-sdk/src/rp2_common/pico_double/double_aeabi_rp2040.S.obj
                0x10005688                __wrap___aeabi_dcmple
 .text.__wrap___aeabi_dcmpge
                0x10005698       0x10 CMakeFiles/urt_vl53.dir/C_/Users/scott/pico-sdk/src/rp2_common/pico_double/double_aeabi_rp2040.S.obj
                0x10005698                __wrap___aeabi_dcmpge
 .text.__wrap___aeabi_dcmpgt
                0x100056a8        0xa CMakeFiles/urt_vl53.dir/C_/Users/scott/pico-sdk/src/rp2_common/pico_double/double_aeabi_rp2040.S.obj
                0x100056a8                __wrap___aeabi_dcmpgt
 .text.__wrap___aeabi_dcmpun
                0x100056b2       0x18 CMakeFiles/urt_vl53.dir/C_/Users/scott/pico-sdk/src/rp2_common/pico_double/double_aeabi_rp2040.S.obj
                0x100056b2                __wrap___aeabi_dcmpun
 *fill*         0x100056ca        0x2 
 .text.__wrap___aeabi_i2d
                0x100056cc       0x38 CMakeFiles/urt_vl53.dir/C_/Users/scott/pico-sdk/src/rp2_common/pico_double/double_aeabi_rp2040.S.obj
                0x100056cc                uint2double
                0x100056cc                __wrap___aeabi_ui2d
                0x100056d4                int2double
                0x100056d4                __wrap___aeabi_i2d
 .text.__wrap___aeabi_d2iz
                0x10005704       0x48 CMakeFiles/urt_vl53.dir/C_/Users/scott/pico-sdk/src/rp2_common/pico_double/double_aeabi_rp2040.S.obj
                0x10005704                double2int_z
                0x10005704                __wrap___aeabi_d2iz
 .text.__wrap___aeabi_d2uiz
                0x1000574c       0x18 CMakeFiles/urt_vl53.dir/C_/Users/scott/pico-sdk/src/rp2_common/pico_double/double_aeabi_rp2040.S.obj
                0x1000574c                double2uint
                0x1000574c                __wrap___aeabi_d2uiz
                0x1000574c                double2uint_z
 .text.__aeabi_double_init
                0x10005764       0xa4 CMakeFiles/urt_vl53.dir/C_/Users/scott/pico-sdk/src/rp2_common/pico_double/double_init_rom_rp2040.c.obj
                0x10005764                __aeabi_double_init
 .text.double_table_shim_on_use_helper
                0x10005808       0x2c CMakeFiles/urt_vl53.dir/C_/Users/scott/pico-sdk/src/rp2_common/pico_double/double_v1_rom_shim_rp2040.S.obj
                0x10005808                double_table_shim_on_use_helper
 .text.__wrap___aeabi_dsub
                0x10005834       0x10 CMakeFiles/urt_vl53.dir/C_/Users/scott/pico-sdk/src/rp2_common/pico_double/double_v1_rom_shim_rp2040.S.obj
                0x10005834                drsub_shim
                0x1000583a                dsub_shim
 .text.dadd_shim
                0x10005844      0x15c CMakeFiles/urt_vl53.dir/C_/Users/scott/pico-sdk/src/rp2_common/pico_double/double_v1_rom_shim_rp2040.S.obj
                0x10005844                dadd_shim
 .text.dmul_shim
                0x100059a0      0x15c CMakeFiles/urt_vl53.dir/C_/Users/scott/pico-sdk/src/rp2_common/pico_double/double_v1_rom_shim_rp2040.S.obj
                0x100059a0                dmul_shim
 .text.ddiv_shim
                0x10005afc      0x1b0 CMakeFiles/urt_vl53.dir/C_/Users/scott/pico-sdk/src/rp2_common/pico_double/double_v1_rom_shim_rp2040.S.obj
                0x10005afc                ddiv_shim
 .text.double2uint_shim
                0x10005cac        0xe CMakeFiles/urt_vl53.dir/C_/Users/scott/pico-sdk/src/rp2_common/pico_double/double_v1_rom_shim_rp2040.S.obj
                0x10005cac                double2uint_shim
                0x10005cae                double2ufix_shim
 *fill*         0x10005cba        0x2 
 .text.double2uint64_shim
                0x10005cbc       0x70 CMakeFiles/urt_vl53.dir/C_/Users/scott/pico-sdk/src/rp2_common/pico_double/double_v1_rom_shim_rp2040.S.obj
                0x10005cbc                double2uint64_shim
                0x10005cbe                double2ufix64_shim
                0x10005cde                d2fix_a
 .text.dunpacks
                0x10005d2c       0x3c CMakeFiles/urt_vl53.dir/C_/Users/scott/pico-sdk/src/rp2_common/pico_double/double_v1_rom_shim_rp2040.S.obj
                0x10005d2c                dunpacks
 .text.__aeabi_lmul
                0x10005d68       0x32 CMakeFiles/urt_vl53.dir/C_/Users/scott/pico-sdk/src/rp2_common/pico_int64_ops/pico_int64_ops_aeabi.S.obj
                0x10005d68                __wrap___aeabi_lmul
 *fill*         0x10005d9a        0x2 
 .text.__aeabi_float_init
                0x10005d9c       0x64 CMakeFiles/urt_vl53.dir/C_/Users/scott/pico-sdk/src/rp2_common/pico_float/float_init_rom_rp2040.c.obj
                0x10005d9c                __aeabi_float_init
 .text.float_table_shim_on_use_helper
                0x10005e00       0x2c CMakeFiles/urt_vl53.dir/C_/Users/scott/pico-sdk/src/rp2_common/pico_float/float_v1_rom_shim_rp2040.S.obj
                0x10005e00                float_table_shim_on_use_helper
 .text          0x10005e2c       0x10 CMakeFiles/urt_vl53.dir/C_/Users/scott/pico-sdk/src/rp2_common/pico_mem_ops/mem_ops_aeabi.S.obj
                0x10005e2c                __aeabi_mem_init
 .text.memset   0x10005e3c        0xc CMakeFiles/urt_vl53.dir/C_/Users/scott/pico-sdk/src/rp2_common/pico_mem_ops/mem_ops_aeabi.S.obj
                0x10005e3c                __wrap_memset
 .text.memcpy   0x10005e48        0xc CMakeFiles/urt_vl53.dir/C_/Users/scott/pico-sdk/src/rp2_common/pico_mem_ops/mem_ops_aeabi.S.obj
                0x10005e48                __wrap_memcpy
                0x10005e48                __wrap___aeabi_memcpy
 .text._out_null
                0x10005e54        0x4 CMakeFiles/urt_vl53.dir/C_/Users/scott/pico-sdk/src/rp2_common/pico_printf/printf.c.obj
 .text._out_rev
                0x10005e58       0xac CMakeFiles/urt_vl53.dir/C_/Users/scott/pico-sdk/src/rp2_common/pico_printf/printf.c.obj
 .text._ntoa_format
                0x10005f04      0x1cc CMakeFiles/urt_vl53.dir/C_/Users/scott/pico-sdk/src/rp2_common/pico_printf/printf.c.obj
 .text._out_char
                0x100060d0       0x10 CMakeFiles/urt_vl53.dir/C_/Users/scott/pico-sdk/src/rp2_common/pico_printf/printf.c.obj
 .text._out_fct
                0x100060e0       0x10 CMakeFiles/urt_vl53.dir/C_/Users/scott/pico-sdk/src/rp2_common/pico_printf/printf.c.obj
 .text._ftoa    0x100060f0      0x4a8 CMakeFiles/urt_vl53.dir/C_/Users/scott/pico-sdk/src/rp2_common/pico_printf/printf.c.obj
 .text._etoa    0x10006598      0x57c CMakeFiles/urt_vl53.dir/C_/Users/scott/pico-sdk/src/rp2_common/pico_printf/printf.c.obj
 .text._vsnprintf
                0x10006b14      0xbe0 CMakeFiles/urt_vl53.dir/C_/Users/scott/pico-sdk/src/rp2_common/pico_printf/printf.c.obj
 .text.vfctprintf
                0x100076f4       0x24 CMakeFiles/urt_vl53.dir/C_/Users/scott/pico-sdk/src/rp2_common/pico_printf/printf.c.obj
                0x100076f4                vfctprintf
 .text.weak_raw_vprintf
                0x10007718       0x30 CMakeFiles/urt_vl53.dir/C_/Users/scott/pico-sdk/src/rp2_common/pico_printf/printf.c.obj
                0x10007718                weak_raw_vprintf
 .text._exit    0x10007748        0x4 CMakeFiles/urt_vl53.dir/C_/Users/scott/pico-sdk/src/rp2_common/pico_clib_interface/newlib_interface.c.obj
                0x10007748                _exit
 .text.exit     0x1000774c        0x8 CMakeFiles/urt_vl53.dir/C_/Users/scott/pico-sdk/src/rp2_common/pico_clib_interface/newlib_interface.c.obj
                0x1000774c                exit
 .text.runtime_init
                0x10007754       0x2c CMakeFiles/urt_vl53.dir/C_/Users/scott/pico-sdk/src/rp2_common/pico_clib_interface/newlib_interface.c.obj
                0x10007754                runtime_init
 .text.stdio_out_chars_no_crlf
                0x10007780       0x10 CMakeFiles/urt_vl53.dir/C_/Users/scott/pico-sdk/src/rp2_common/pico_stdio/stdio.c.obj
 .text.stdio_out_chars_crlf
                0x10007790       0xb0 CMakeFiles/urt_vl53.dir/C_/Users/scott/pico-sdk/src/rp2_common/pico_stdio/stdio.c.obj
 .text.stdio_buffered_printer
                0x10007840       0x64 CMakeFiles/urt_vl53.dir/C_/Users/scott/pico-sdk/src/rp2_common/pico_stdio/stdio.c.obj
 .text.stdio_put_string
                0x100078a4       0xfc CMakeFiles/urt_vl53.dir/C_/Users/scott/pico-sdk/src/rp2_common/pico_stdio/stdio.c.obj
                0x100078a4                stdio_put_string
 .text.stdio_set_driver_enabled
                0x100079a0       0x30 CMakeFiles/urt_vl53.dir/C_/Users/scott/pico-sdk/src/rp2_common/pico_stdio/stdio.c.obj
                0x100079a0                stdio_set_driver_enabled
 .text.stdio_init_all
                0x100079d0        0x8 CMakeFiles/urt_vl53.dir/C_/Users/scott/pico-sdk/src/rp2_common/pico_stdio/stdio.c.obj
                0x100079d0                stdio_init_all
 .text.__wrap_getchar
                0x100079d8       0x80 CMakeFiles/urt_vl53.dir/C_/Users/scott/pico-sdk/src/rp2_common/pico_stdio/stdio.c.obj
                0x100079d8                stdio_getchar
                0x100079d8                __wrap_getchar
 .text.__wrap_putchar
                0x10007a58       0x94 CMakeFiles/urt_vl53.dir/C_/Users/scott/pico-sdk/src/rp2_common/pico_stdio/stdio.c.obj
                0x10007a58                __wrap_putchar
                0x10007a58                stdio_putchar
 .text.__wrap_puts
                0x10007aec       0x3c CMakeFiles/urt_vl53.dir/C_/Users/scott/pico-sdk/src/rp2_common/pico_stdio/stdio.c.obj
                0x10007aec                stdio_puts
                0x10007aec                __wrap_puts
 .text.__wrap_vprintf
                0x10007b28       0xcc CMakeFiles/urt_vl53.dir/C_/Users/scott/pico-sdk/src/rp2_common/pico_stdio/stdio.c.obj
                0x10007b28                stdio_vprintf
                0x10007b28                __wrap_vprintf
 .text.__wrap_printf
                0x10007bf4       0x18 CMakeFiles/urt_vl53.dir/C_/Users/scott/pico-sdk/src/rp2_common/pico_stdio/stdio.c.obj
                0x10007bf4                __wrap_printf
                0x10007bf4                stdio_printf
 .text.resetd_init
                0x10007c0c        0x4 CMakeFiles/urt_vl53.dir/C_/Users/scott/pico-sdk/src/rp2_common/pico_stdio_usb/reset_interface.c.obj
 .text.resetd_reset
                0x10007c10        0xc CMakeFiles/urt_vl53.dir/C_/Users/scott/pico-sdk/src/rp2_common/pico_stdio_usb/reset_interface.c.obj
 .text.resetd_open
                0x10007c1c       0x28 CMakeFiles/urt_vl53.dir/C_/Users/scott/pico-sdk/src/rp2_common/pico_stdio_usb/reset_interface.c.obj
 .text.resetd_xfer_cb
                0x10007c44        0x4 CMakeFiles/urt_vl53.dir/C_/Users/scott/pico-sdk/src/rp2_common/pico_stdio_usb/reset_interface.c.obj
 .text.resetd_control_xfer_cb
                0x10007c48       0x54 CMakeFiles/urt_vl53.dir/C_/Users/scott/pico-sdk/src/rp2_common/pico_stdio_usb/reset_interface.c.obj
 .text.tud_descriptor_bos_cb
                0x10007c9c        0x8 CMakeFiles/urt_vl53.dir/C_/Users/scott/pico-sdk/src/rp2_common/pico_stdio_usb/reset_interface.c.obj
                0x10007c9c                tud_descriptor_bos_cb
 .text.tud_vendor_control_xfer_cb
                0x10007ca4       0x34 CMakeFiles/urt_vl53.dir/C_/Users/scott/pico-sdk/src/rp2_common/pico_stdio_usb/reset_interface.c.obj
                0x10007ca4                tud_vendor_control_xfer_cb
 .text.usbd_app_driver_get_cb
                0x10007cd8        0xc CMakeFiles/urt_vl53.dir/C_/Users/scott/pico-sdk/src/rp2_common/pico_stdio_usb/reset_interface.c.obj
                0x10007cd8                usbd_app_driver_get_cb
 .text.tud_cdc_line_coding_cb
                0x10007ce4       0x2c CMakeFiles/urt_vl53.dir/C_/Users/scott/pico-sdk/src/rp2_common/pico_stdio_usb/reset_interface.c.obj
                0x10007ce4                tud_cdc_line_coding_cb
 .text.stdio_usb_set_chars_available_callback
                0x10007d10       0x14 CMakeFiles/urt_vl53.dir/C_/Users/scott/pico-sdk/src/rp2_common/pico_stdio_usb/stdio_usb.c.obj
                0x10007d10                stdio_usb_set_chars_available_callback
 .text.usb_irq  0x10007d24       0x10 CMakeFiles/urt_vl53.dir/C_/Users/scott/pico-sdk/src/rp2_common/pico_stdio_usb/stdio_usb.c.obj
 .text.timer_task
                0x10007d34       0x64 CMakeFiles/urt_vl53.dir/C_/Users/scott/pico-sdk/src/rp2_common/pico_stdio_usb/stdio_usb.c.obj
 .text.stdio_usb_in_chars
                0x10007d98       0x8c CMakeFiles/urt_vl53.dir/C_/Users/scott/pico-sdk/src/rp2_common/pico_stdio_usb/stdio_usb.c.obj
                0x10007d98                stdio_usb_in_chars
 .text.stdio_usb_out_flush
                0x10007e24       0x4c CMakeFiles/urt_vl53.dir/C_/Users/scott/pico-sdk/src/rp2_common/pico_stdio_usb/stdio_usb.c.obj
 .text.stdio_usb_out_chars
                0x10007e70      0x100 CMakeFiles/urt_vl53.dir/C_/Users/scott/pico-sdk/src/rp2_common/pico_stdio_usb/stdio_usb.c.obj
 .text.low_priority_worker_irq
                0x10007f70       0xc8 CMakeFiles/urt_vl53.dir/C_/Users/scott/pico-sdk/src/rp2_common/pico_stdio_usb/stdio_usb.c.obj
 .text.stdio_usb_init
                0x10008038       0xe8 CMakeFiles/urt_vl53.dir/C_/Users/scott/pico-sdk/src/rp2_common/pico_stdio_usb/stdio_usb.c.obj
                0x10008038                stdio_usb_init
 .text.tud_descriptor_device_cb
                0x10008120        0x8 CMakeFiles/urt_vl53.dir/C_/Users/scott/pico-sdk/src/rp2_common/pico_stdio_usb/stdio_usb_descriptors.c.obj
                0x10008120                tud_descriptor_device_cb
 .text.tud_descriptor_configuration_cb
                0x10008128        0x8 CMakeFiles/urt_vl53.dir/C_/Users/scott/pico-sdk/src/rp2_common/pico_stdio_usb/stdio_usb_descriptors.c.obj
                0x10008128                tud_descriptor_configuration_cb
 .text.tud_descriptor_string_cb
                0x10008130       0x78 CMakeFiles/urt_vl53.dir/C_/Users/scott/pico-sdk/src/rp2_common/pico_stdio_usb/stdio_usb_descriptors.c.obj
                0x10008130                tud_descriptor_string_cb
 .text.startup._retrieve_unique_id_on_boot
                0x100081a8       0x10 CMakeFiles/urt_vl53.dir/C_/Users/scott/pico-sdk/src/rp2_common/pico_unique_id/unique_id.c.obj
 .text.pico_get_unique_board_id_string
                0x100081b8      0x1a8 CMakeFiles/urt_vl53.dir/C_/Users/scott/pico-sdk/src/rp2_common/pico_unique_id/unique_id.c.obj
                0x100081b8                pico_get_unique_board_id_string
 .text.flash_get_unique_id
                0x10008360       0x3c CMakeFiles/urt_vl53.dir/C_/Users/scott/pico-sdk/src/rp2_common/hardware_flash/flash.c.obj
                0x10008360                flash_get_unique_id
 .text.dcd_init
                0x1000839c       0x90 CMakeFiles/urt_vl53.dir/C_/Users/scott/pico-sdk/lib/tinyusb/src/portable/raspberrypi/rp2040/dcd_rp2040.c.obj
                0x1000839c                dcd_init
 .text.dcd_int_enable
                0x1000842c        0xc CMakeFiles/urt_vl53.dir/C_/Users/scott/pico-sdk/lib/tinyusb/src/portable/raspberrypi/rp2040/dcd_rp2040.c.obj
                0x1000842c                dcd_int_enable
 .text.dcd_set_address
                0x10008438       0x14 CMakeFiles/urt_vl53.dir/C_/Users/scott/pico-sdk/lib/tinyusb/src/portable/raspberrypi/rp2040/dcd_rp2040.c.obj
                0x10008438                dcd_set_address
 .text.dcd_sof_enable
                0x1000844c       0x1c CMakeFiles/urt_vl53.dir/C_/Users/scott/pico-sdk/lib/tinyusb/src/portable/raspberrypi/rp2040/dcd_rp2040.c.obj
                0x1000844c                dcd_sof_enable
 .text.dcd_edpt0_status_complete
                0x10008468       0x1c CMakeFiles/urt_vl53.dir/C_/Users/scott/pico-sdk/lib/tinyusb/src/portable/raspberrypi/rp2040/dcd_rp2040.c.obj
                0x10008468                dcd_edpt0_status_complete
 .text.dcd_edpt_open
                0x10008484      0x114 CMakeFiles/urt_vl53.dir/C_/Users/scott/pico-sdk/lib/tinyusb/src/portable/raspberrypi/rp2040/dcd_rp2040.c.obj
                0x10008484                dcd_edpt_open
 .text.dcd_edpt_close_all
                0x10008598        0x8 CMakeFiles/urt_vl53.dir/C_/Users/scott/pico-sdk/lib/tinyusb/src/portable/raspberrypi/rp2040/dcd_rp2040.c.obj
                0x10008598                dcd_edpt_close_all
 .text.dcd_edpt_xfer
                0x100085a0       0x24 CMakeFiles/urt_vl53.dir/C_/Users/scott/pico-sdk/lib/tinyusb/src/portable/raspberrypi/rp2040/dcd_rp2040.c.obj
                0x100085a0                dcd_edpt_xfer
 .text.dcd_edpt_stall
                0x100085c4       0x3c CMakeFiles/urt_vl53.dir/C_/Users/scott/pico-sdk/lib/tinyusb/src/portable/raspberrypi/rp2040/dcd_rp2040.c.obj
                0x100085c4                dcd_edpt_stall
 .text.dcd_edpt_clear_stall
                0x10008600       0x30 CMakeFiles/urt_vl53.dir/C_/Users/scott/pico-sdk/lib/tinyusb/src/portable/raspberrypi/rp2040/dcd_rp2040.c.obj
                0x10008600                dcd_edpt_clear_stall
 .text.rp2040_usb_init
                0x10008630       0x40 CMakeFiles/urt_vl53.dir/C_/Users/scott/pico-sdk/lib/tinyusb/src/portable/raspberrypi/rp2040/rp2040_usb.c.obj
                0x10008630                rp2040_usb_init
 .text.hw_endpoint_xfer_start
                0x10008670       0x40 CMakeFiles/urt_vl53.dir/C_/Users/scott/pico-sdk/lib/tinyusb/src/portable/raspberrypi/rp2040/rp2040_usb.c.obj
                0x10008670                hw_endpoint_xfer_start
 .text.tud_event_hook_cb
                0x100086b0        0x4 CMakeFiles/urt_vl53.dir/C_/Users/scott/pico-sdk/lib/tinyusb/src/device/usbd.c.obj
                0x100086b0                tud_event_hook_cb
 .text.tud_sof_cb
                0x100086b4        0x4 CMakeFiles/urt_vl53.dir/C_/Users/scott/pico-sdk/lib/tinyusb/src/device/usbd.c.obj
                0x100086b4                tud_sof_cb
 .text.tud_descriptor_device_qualifier_cb
                0x100086b8        0x4 CMakeFiles/urt_vl53.dir/C_/Users/scott/pico-sdk/lib/tinyusb/src/device/usbd.c.obj
                0x100086b8                tud_descriptor_device_qualifier_cb
 .text.tud_descriptor_other_speed_configuration_cb
                0x100086bc        0x4 CMakeFiles/urt_vl53.dir/C_/Users/scott/pico-sdk/lib/tinyusb/src/device/usbd.c.obj
                0x100086bc                tud_descriptor_other_speed_configuration_cb
 .text.tud_mount_cb
                0x100086c0        0x4 CMakeFiles/urt_vl53.dir/C_/Users/scott/pico-sdk/lib/tinyusb/src/device/usbd.c.obj
                0x100086c0                tud_mount_cb
 .text.tud_umount_cb
                0x100086c4        0x4 CMakeFiles/urt_vl53.dir/C_/Users/scott/pico-sdk/lib/tinyusb/src/device/usbd.c.obj
                0x100086c4                tud_umount_cb
 .text.tud_suspend_cb
                0x100086c8        0x4 CMakeFiles/urt_vl53.dir/C_/Users/scott/pico-sdk/lib/tinyusb/src/device/usbd.c.obj
                0x100086c8                tud_suspend_cb
 .text.tud_resume_cb
                0x100086cc        0x4 CMakeFiles/urt_vl53.dir/C_/Users/scott/pico-sdk/lib/tinyusb/src/device/usbd.c.obj
                0x100086cc                tud_resume_cb
 .text.tud_mounted
                0x100086d0       0x10 CMakeFiles/urt_vl53.dir/C_/Users/scott/pico-sdk/lib/tinyusb/src/device/usbd.c.obj
                0x100086d0                tud_mounted
 .text.tud_suspended
                0x100086e0       0x10 CMakeFiles/urt_vl53.dir/C_/Users/scott/pico-sdk/lib/tinyusb/src/device/usbd.c.obj
                0x100086e0                tud_suspended
 .text.tud_rhport_init
                0x100086f0       0xf4 CMakeFiles/urt_vl53.dir/C_/Users/scott/pico-sdk/lib/tinyusb/src/device/usbd.c.obj
                0x100086f0                tud_rhport_init
 .text.tud_task_ext
                0x100087e4      0x800 CMakeFiles/urt_vl53.dir/C_/Users/scott/pico-sdk/lib/tinyusb/src/device/usbd.c.obj
                0x100087e4                tud_task_ext
 .text.usbd_open_edpt_pair
                0x10008fe4       0x9c CMakeFiles/urt_vl53.dir/C_/Users/scott/pico-sdk/lib/tinyusb/src/device/usbd.c.obj
                0x10008fe4                usbd_open_edpt_pair
 .text.usbd_edpt_open
                0x10009080       0x34 CMakeFiles/urt_vl53.dir/C_/Users/scott/pico-sdk/lib/tinyusb/src/device/usbd.c.obj
                0x10009080                usbd_edpt_open
 .text.usbd_edpt_claim
                0x100090b4       0x28 CMakeFiles/urt_vl53.dir/C_/Users/scott/pico-sdk/lib/tinyusb/src/device/usbd.c.obj
                0x100090b4                usbd_edpt_claim
 .text.usbd_edpt_release
                0x100090dc       0x28 CMakeFiles/urt_vl53.dir/C_/Users/scott/pico-sdk/lib/tinyusb/src/device/usbd.c.obj
                0x100090dc                usbd_edpt_release
 .text.usbd_edpt_xfer
                0x10009104       0x4c CMakeFiles/urt_vl53.dir/C_/Users/scott/pico-sdk/lib/tinyusb/src/device/usbd.c.obj
                0x10009104                usbd_edpt_xfer
 .text.tud_control_status
                0x10009150       0x2c CMakeFiles/urt_vl53.dir/C_/Users/scott/pico-sdk/lib/tinyusb/src/device/usbd_control.c.obj
                0x10009150                tud_control_status
 .text.tud_control_xfer
                0x1000917c       0xa8 CMakeFiles/urt_vl53.dir/C_/Users/scott/pico-sdk/lib/tinyusb/src/device/usbd_control.c.obj
                0x1000917c                tud_control_xfer
 .text.usbd_control_reset
                0x10009224       0x14 CMakeFiles/urt_vl53.dir/C_/Users/scott/pico-sdk/lib/tinyusb/src/device/usbd_control.c.obj
                0x10009224                usbd_control_reset
 .text.usbd_control_set_complete_callback
                0x10009238        0xc CMakeFiles/urt_vl53.dir/C_/Users/scott/pico-sdk/lib/tinyusb/src/device/usbd_control.c.obj
                0x10009238                usbd_control_set_complete_callback
 .text.usbd_control_set_request
                0x10009244       0x1c CMakeFiles/urt_vl53.dir/C_/Users/scott/pico-sdk/lib/tinyusb/src/device/usbd_control.c.obj
                0x10009244                usbd_control_set_request
 .text.usbd_control_xfer_cb
                0x10009260       0xec CMakeFiles/urt_vl53.dir/C_/Users/scott/pico-sdk/lib/tinyusb/src/device/usbd_control.c.obj
                0x10009260                usbd_control_xfer_cb
 .text._prep_out_transaction.isra.0
                0x1000934c       0x6c CMakeFiles/urt_vl53.dir/C_/Users/scott/pico-sdk/lib/tinyusb/src/class/cdc/cdc_device.c.obj
 .text.tud_cdc_n_connected
                0x100093b8       0x2c CMakeFiles/urt_vl53.dir/C_/Users/scott/pico-sdk/lib/tinyusb/src/class/cdc/cdc_device.c.obj
                0x100093b8                tud_cdc_n_connected
 .text.tud_cdc_n_available
                0x100093e4       0x14 CMakeFiles/urt_vl53.dir/C_/Users/scott/pico-sdk/lib/tinyusb/src/class/cdc/cdc_device.c.obj
                0x100093e4                tud_cdc_n_available
 .text.tud_cdc_n_read
                0x100093f8       0x88 CMakeFiles/urt_vl53.dir/C_/Users/scott/pico-sdk/lib/tinyusb/src/class/cdc/cdc_device.c.obj
                0x100093f8                tud_cdc_n_read
 .text.tud_cdc_n_write_flush
                0x10009480       0x74 CMakeFiles/urt_vl53.dir/C_/Users/scott/pico-sdk/lib/tinyusb/src/class/cdc/cdc_device.c.obj
                0x10009480                tud_cdc_n_write_flush
 .text.tud_cdc_n_write
                0x100094f4       0x40 CMakeFiles/urt_vl53.dir/C_/Users/scott/pico-sdk/lib/tinyusb/src/class/cdc/cdc_device.c.obj
                0x100094f4                tud_cdc_n_write
 .text.tud_cdc_n_write_available
                0x10009534       0x14 CMakeFiles/urt_vl53.dir/C_/Users/scott/pico-sdk/lib/tinyusb/src/class/cdc/cdc_device.c.obj
                0x10009534                tud_cdc_n_write_available
 .text.cdcd_init
                0x10009548       0x70 CMakeFiles/urt_vl53.dir/C_/Users/scott/pico-sdk/lib/tinyusb/src/class/cdc/cdc_device.c.obj
                0x10009548                cdcd_init
 .text.cdcd_deinit
                0x100095b8       0x30 CMakeFiles/urt_vl53.dir/C_/Users/scott/pico-sdk/lib/tinyusb/src/class/cdc/cdc_device.c.obj
                0x100095b8                cdcd_deinit
 .text.cdcd_reset
                0x100095e8       0x4c CMakeFiles/urt_vl53.dir/C_/Users/scott/pico-sdk/lib/tinyusb/src/class/cdc/cdc_device.c.obj
                0x100095e8                cdcd_reset
 .text.cdcd_open
                0x10009634       0xa4 CMakeFiles/urt_vl53.dir/C_/Users/scott/pico-sdk/lib/tinyusb/src/class/cdc/cdc_device.c.obj
                0x10009634                cdcd_open
 .text.cdcd_control_xfer_cb
                0x100096d8       0xe8 CMakeFiles/urt_vl53.dir/C_/Users/scott/pico-sdk/lib/tinyusb/src/class/cdc/cdc_device.c.obj
                0x100096d8                cdcd_control_xfer_cb
 .text.cdcd_xfer_cb
                0x100097c0      0x100 CMakeFiles/urt_vl53.dir/C_/Users/scott/pico-sdk/lib/tinyusb/src/class/cdc/cdc_device.c.obj
                0x100097c0                cdcd_xfer_cb
 .text.vendord_init
                0x100098c0       0x5c CMakeFiles/urt_vl53.dir/C_/Users/scott/pico-sdk/lib/tinyusb/src/class/vendor/vendor_device.c.obj
                0x100098c0                vendord_init
 .text.vendord_deinit
                0x1000991c       0x1c CMakeFiles/urt_vl53.dir/C_/Users/scott/pico-sdk/lib/tinyusb/src/class/vendor/vendor_device.c.obj
                0x1000991c                vendord_deinit
 .text.vendord_reset
                0x10009938       0x28 CMakeFiles/urt_vl53.dir/C_/Users/scott/pico-sdk/lib/tinyusb/src/class/vendor/vendor_device.c.obj
                0x10009938                vendord_reset
 .text.vendord_open
                0x10009960      0x120 CMakeFiles/urt_vl53.dir/C_/Users/scott/pico-sdk/lib/tinyusb/src/class/vendor/vendor_device.c.obj
                0x10009960                vendord_open
 .text.vendord_xfer_cb
                0x10009a80       0x9c CMakeFiles/urt_vl53.dir/C_/Users/scott/pico-sdk/lib/tinyusb/src/class/vendor/vendor_device.c.obj
                0x10009a80                vendord_xfer_cb
 .text.tusb_rhport_init
                0x10009b1c       0x4c CMakeFiles/urt_vl53.dir/C_/Users/scott/pico-sdk/lib/tinyusb/src/tusb.c.obj
                0x10009b1c                tusb_rhport_init
 .text.tu_edpt_claim
                0x10009b68       0x50 CMakeFiles/urt_vl53.dir/C_/Users/scott/pico-sdk/lib/tinyusb/src/tusb.c.obj
                0x10009b68                tu_edpt_claim
 .text.tu_edpt_release
                0x10009bb8       0x38 CMakeFiles/urt_vl53.dir/C_/Users/scott/pico-sdk/lib/tinyusb/src/tusb.c.obj
                0x10009bb8                tu_edpt_release
 .text.tu_edpt_validate
                0x10009bf0       0x7c CMakeFiles/urt_vl53.dir/C_/Users/scott/pico-sdk/lib/tinyusb/src/tusb.c.obj
                0x10009bf0                tu_edpt_validate
 .text.tu_edpt_bind_driver
                0x10009c6c       0x34 CMakeFiles/urt_vl53.dir/C_/Users/scott/pico-sdk/lib/tinyusb/src/tusb.c.obj
                0x10009c6c                tu_edpt_bind_driver
 .text.tu_edpt_stream_init
                0x10009ca0       0x6c CMakeFiles/urt_vl53.dir/C_/Users/scott/pico-sdk/lib/tinyusb/src/tusb.c.obj
                0x10009ca0                tu_edpt_stream_init
 .text.tu_edpt_stream_deinit
                0x10009d0c        0x4 CMakeFiles/urt_vl53.dir/C_/Users/scott/pico-sdk/lib/tinyusb/src/tusb.c.obj
                0x10009d0c                tu_edpt_stream_deinit
 .text.tu_edpt_stream_write_zlp_if_needed
                0x10009d10       0x68 CMakeFiles/urt_vl53.dir/C_/Users/scott/pico-sdk/lib/tinyusb/src/tusb.c.obj
                0x10009d10                tu_edpt_stream_write_zlp_if_needed
 .text.tu_edpt_stream_write_xfer
                0x10009d78       0x68 CMakeFiles/urt_vl53.dir/C_/Users/scott/pico-sdk/lib/tinyusb/src/tusb.c.obj
                0x10009d78                tu_edpt_stream_write_xfer
 .text.tu_edpt_stream_read_xfer
                0x10009de0       0xd8 CMakeFiles/urt_vl53.dir/C_/Users/scott/pico-sdk/lib/tinyusb/src/tusb.c.obj
                0x10009de0                tu_edpt_stream_read_xfer
 .text.tu_fifo_config
                0x10009eb8       0x6c CMakeFiles/urt_vl53.dir/C_/Users/scott/pico-sdk/lib/tinyusb/src/common/tusb_fifo.c.obj
                0x10009eb8                tu_fifo_config
 .text.tu_fifo_count
                0x10009f24       0x2c CMakeFiles/urt_vl53.dir/C_/Users/scott/pico-sdk/lib/tinyusb/src/common/tusb_fifo.c.obj
                0x10009f24                tu_fifo_count
 .text.tu_fifo_empty
                0x10009f50       0x10 CMakeFiles/urt_vl53.dir/C_/Users/scott/pico-sdk/lib/tinyusb/src/common/tusb_fifo.c.obj
                0x10009f50                tu_fifo_empty
 .text.tu_fifo_remaining
                0x10009f60       0x2c CMakeFiles/urt_vl53.dir/C_/Users/scott/pico-sdk/lib/tinyusb/src/common/tusb_fifo.c.obj
                0x10009f60                tu_fifo_remaining
 .text.tu_fifo_read
                0x10009f8c       0x9c CMakeFiles/urt_vl53.dir/C_/Users/scott/pico-sdk/lib/tinyusb/src/common/tusb_fifo.c.obj
                0x10009f8c                tu_fifo_read
 .text.tu_fifo_read_n
                0x1000a028       0xe8 CMakeFiles/urt_vl53.dir/C_/Users/scott/pico-sdk/lib/tinyusb/src/common/tusb_fifo.c.obj
                0x1000a028                tu_fifo_read_n
 .text.tu_fifo_write
                0x1000a110       0xa4 CMakeFiles/urt_vl53.dir/C_/Users/scott/pico-sdk/lib/tinyusb/src/common/tusb_fifo.c.obj
                0x1000a110                tu_fifo_write
 .text.tu_fifo_write_n
                0x1000a1b4      0x168 CMakeFiles/urt_vl53.dir/C_/Users/scott/pico-sdk/lib/tinyusb/src/common/tusb_fifo.c.obj
                0x1000a1b4                tu_fifo_write_n
 .text.tu_fifo_clear
                0x1000a31c       0x40 CMakeFiles/urt_vl53.dir/C_/Users/scott/pico-sdk/lib/tinyusb/src/common/tusb_fifo.c.obj
                0x1000a31c                tu_fifo_clear
 .text.tu_fifo_set_overwritable
                0x1000a35c       0x48 CMakeFiles/urt_vl53.dir/C_/Users/scott/pico-sdk/lib/tinyusb/src/common/tusb_fifo.c.obj
                0x1000a35c                tu_fifo_set_overwritable
 .text.i2c_read_blocking_internal.constprop.0
                0x1000a3a4       0x98 CMakeFiles/urt_vl53.dir/C_/Users/scott/pico-sdk/src/rp2_common/hardware_i2c/i2c.c.obj
 .text.i2c_write_blocking_internal.constprop.0
                0x1000a43c       0xf8 CMakeFiles/urt_vl53.dir/C_/Users/scott/pico-sdk/src/rp2_common/hardware_i2c/i2c.c.obj
 .text.i2c_set_baudrate
                0x1000a534       0xc0 CMakeFiles/urt_vl53.dir/C_/Users/scott/pico-sdk/src/rp2_common/hardware_i2c/i2c.c.obj
                0x1000a534                i2c_set_baudrate
 .text.i2c_init
                0x1000a5f4       0x50 CMakeFiles/urt_vl53.dir/C_/Users/scott/pico-sdk/src/rp2_common/hardware_i2c/i2c.c.obj
                0x1000a5f4                i2c_init
 .text.i2c_write_blocking
                0x1000a644       0x14 CMakeFiles/urt_vl53.dir/C_/Users/scott/pico-sdk/src/rp2_common/hardware_i2c/i2c.c.obj
                0x1000a644                i2c_write_blocking
 .text.i2c_read_blocking
                0x1000a658       0x14 CMakeFiles/urt_vl53.dir/C_/Users/scott/pico-sdk/src/rp2_common/hardware_i2c/i2c.c.obj
                0x1000a658                i2c_read_blocking
 .text.memmove  0x1000a66c      0x100 C:/Users/scott/Documents/arm-gnu-toolchain-14.3.rel1-mingw-w64-i686-arm-none-eabi/bin/../lib/gcc/arm-none-eabi/14.3.1/../../../../arm-none-eabi/lib/thumb/v6-m/nofp\libg.a(libc_a-memmove.o)
                0x1000a66c                memmove
 .text.strcpy   0x1000a76c       0x10 C:/Users/scott/Documents/arm-gnu-toolchain-14.3.rel1-mingw-w64-i686-arm-none-eabi/bin/../lib/gcc/arm-none-eabi/14.3.1/../../../../arm-none-eabi/lib/thumb/v6-m/nofp\libg.a(libc_a-strcpy.o)
                0x1000a76c                strcpy
 .text.strlen   0x1000a77c       0x5c C:/Users/scott/Documents/arm-gnu-toolchain-14.3.rel1-mingw-w64-i686-arm-none-eabi/bin/../lib/gcc/arm-none-eabi/14.3.1/../../../../arm-none-eabi/lib/thumb/v6-m/nofp\libg.a(libc_a-strlen-stub.o)
                0x1000a77c                strlen
 *(.fini)
 .fini          0x1000a7d8        0x4 C:/Users/scott/Documents/arm-gnu-toolchain-14.3.rel1-mingw-w64-i686-arm-none-eabi/bin/../lib/gcc/arm-none-eabi/14.3.1/thumb/v6-m/nofp/crti.o
                0x1000a7d8                _fini
 *fill*         0x1000a7dc        0x4 
 .fini.__stub   0x1000a7e0       0xc0 linker stubs
 *crtbegin.o(.ctors)
 *crtbegin?.o(.ctors)
 *(EXCLUDE_FILE(*crtend.o *crtend?.o) .ctors)
 *(SORT_BY_NAME(.ctors.*))
 *(.ctors)
 *crtbegin.o(.dtors)
 *crtbegin?.o(.dtors)
 *(EXCLUDE_FILE(*crtend.o *crtend?.o) .dtors)
 *(SORT_BY_NAME(.dtors.*))
 *(.dtors)
                0x1000a8a0                        . = ALIGN (0x4)
                0x1000a8a0                        PROVIDE (__preinit_array_start = .)
 *(SORT_BY_NAME(.preinit_array.*))
 .preinit_array.00100
                0x1000a8a0        0x4 CMakeFiles/urt_vl53.dir/C_/Users/scott/pico-sdk/src/rp2_common/pico_runtime_init/runtime_init.c.obj
                0x1000a8a0                __pre_init_runtime_init_early_resets
 .preinit_array.00101
                0x1000a8a4        0x4 CMakeFiles/urt_vl53.dir/C_/Users/scott/pico-sdk/src/rp2_common/pico_runtime_init/runtime_init.c.obj
                0x1000a8a4                __pre_init_runtime_init_usb_power_down
 .preinit_array.00275
                0x1000a8a8        0x4 CMakeFiles/urt_vl53.dir/C_/Users/scott/pico-sdk/src/rp2_common/pico_bit_ops/bit_ops_aeabi.S.obj
 .preinit_array.00300
                0x1000a8ac        0x4 CMakeFiles/urt_vl53.dir/C_/Users/scott/pico-sdk/src/rp2_common/pico_mem_ops/mem_ops_aeabi.S.obj
 .preinit_array.00350
                0x1000a8b0        0x4 CMakeFiles/urt_vl53.dir/C_/Users/scott/pico-sdk/src/rp2_common/pico_double/double_aeabi_rp2040.S.obj
 .preinit_array.00350
                0x1000a8b4        0x4 CMakeFiles/urt_vl53.dir/C_/Users/scott/pico-sdk/src/rp2_common/pico_float/float_aeabi_rp2040.S.obj
 .preinit_array.00500
                0x1000a8b8        0x4 CMakeFiles/urt_vl53.dir/C_/Users/scott/pico-sdk/src/rp2_common/pico_runtime_init/runtime_init.c.obj
                0x1000a8b8                __pre_init_runtime_init_clocks
 .preinit_array.00600
                0x1000a8bc        0x4 CMakeFiles/urt_vl53.dir/C_/Users/scott/pico-sdk/src/rp2_common/pico_runtime_init/runtime_init.c.obj
                0x1000a8bc                __pre_init_runtime_init_post_clock_resets
 .preinit_array.00700
                0x1000a8c0        0x4 CMakeFiles/urt_vl53.dir/C_/Users/scott/pico-sdk/src/rp2_common/pico_runtime_init/runtime_init.c.obj
                0x1000a8c0                __pre_init_runtime_init_rp2040_gpio_ie_disable
 .preinit_array.01000
                0x1000a8c4        0x4 CMakeFiles/urt_vl53.dir/C_/Users/scott/pico-sdk/src/rp2_common/pico_runtime_init/runtime_init.c.obj
                0x1000a8c4                __pre_init_runtime_init_spin_locks_reset
 .preinit_array.01100
                0x1000a8c8        0x4 CMakeFiles/urt_vl53.dir/C_/Users/scott/pico-sdk/src/common/pico_sync/mutex.c.obj
                0x1000a8c8                __pre_init_runtime_init_mutex
 .preinit_array.10080
                0x1000a8cc        0x4 CMakeFiles/urt_vl53.dir/C_/Users/scott/pico-sdk/src/rp2_common/pico_runtime_init/runtime_init.c.obj
                0x1000a8cc                __pre_init_runtime_init_install_ram_vector_table
 .preinit_array.11000
                0x1000a8d0        0x4 CMakeFiles/urt_vl53.dir/C_/Users/scott/pico-sdk/src/common/pico_time/time.c.obj
                0x1000a8d0                __pre_init_runtime_init_default_alarm_pool
 .preinit_array.YYYYY
                0x1000a8d4        0x4 CMakeFiles/urt_vl53.dir/C_/Users/scott/pico-sdk/src/rp2_common/pico_runtime/runtime.c.obj
                0x1000a8d4                __pre_init_first_per_core_initializer
 .preinit_array.ZZZZZ.01200
                0x1000a8d8        0x4 CMakeFiles/urt_vl53.dir/C_/Users/scott/pico-sdk/src/rp2_common/hardware_irq/irq.c.obj
                0x1000a8d8                __pre_init_runtime_init_per_core_irq_priorities
 *(.preinit_array)
                0x1000a8dc                        PROVIDE (__preinit_array_end = .)
                0x1000a8dc                        . = ALIGN (0x4)
                0x1000a8dc                        PROVIDE (__init_array_start = .)
 *(SORT_BY_NAME(.init_array.*))
 .init_array.01000
                0x1000a8dc        0x4 CMakeFiles/urt_vl53.dir/C_/Users/scott/pico-sdk/src/rp2_common/pico_unique_id/unique_id.c.obj
 *(.init_array)
 .init_array    0x1000a8e0        0x4 C:/Users/scott/Documents/arm-gnu-toolchain-14.3.rel1-mingw-w64-i686-arm-none-eabi/bin/../lib/gcc/arm-none-eabi/14.3.1/thumb/v6-m/nofp/crtbegin.o
                0x1000a8e4                        PROVIDE (__init_array_end = .)
                0x1000a8e4                        . = ALIGN (0x4)
                [!provide]                        PROVIDE (__fini_array_start = .)
 *(SORT_BY_NAME(.fini_array.*))
 *(.fini_array)
                [!provide]                        PROVIDE (__fini_array_end = .)
 *(.eh_frame*)
 .eh_frame      0x1000a8e4        0x0 C:/Users/scott/Documents/arm-gnu-toolchain-14.3.rel1-mingw-w64-i686-arm-none-eabi/bin/../lib/gcc/arm-none-eabi/14.3.1/thumb/v6-m/nofp/crtbegin.o
                0x1000a8e4                        . = ALIGN (0x4)

.glue_7         0x1000a8e4        0x0
 .glue_7        0x1000a8e4        0x0 linker stubs

.glue_7t        0x1000a8e4        0x0
 .glue_7t       0x1000a8e4        0x0 linker stubs

.vfp11_veneer   0x1000a8e4        0x0
 .vfp11_veneer  0x1000a8e4        0x0 linker stubs

.v4_bx          0x1000a8e4        0x0
 .v4_bx         0x1000a8e4        0x0 linker stubs

.iplt           0x1000a8e4        0x0
 .iplt          0x1000a8e4        0x0 C:/Users/scott/Documents/arm-gnu-toolchain-14.3.rel1-mingw-w64-i686-arm-none-eabi/bin/../lib/gcc/arm-none-eabi/14.3.1/thumb/v6-m/nofp/crtbegin.o

.rodata         0x1000a8e8      0x9e4
 *(EXCLUDE_FILE(*libm.a: *libc.a:*lib_a-mem*.o *libgcc.a:) .rodata*)
 .rodata.main.str1.4
                0x1000a8e8      0x484 CMakeFiles/urt_vl53.dir/src/main.c.obj
                                0x2ba (size before relaxing)
 .rodata.vl53l0x_platform_init.str1.4
                0x1000ad6c       0x55 CMakeFiles/urt_vl53.dir/src/vl53.c.obj
 .rodata.VL53L0X_DataInit
                0x1000ad6c       0x18 CMakeFiles/urt_vl53.dir/st_api/vl53l0x_api.c.obj
 .rodata.VL53L0X_SetSequenceStepEnable
                0x1000ad84       0x28 CMakeFiles/urt_vl53.dir/st_api/vl53l0x_api.c.obj
 .rodata.VL53L0X_GetSequenceStepEnable
                0x1000adac       0x14 CMakeFiles/urt_vl53.dir/st_api/vl53l0x_api.c.obj
 .rodata.VL53L0X_SetLimitCheckEnable
                0x1000adc0       0x18 CMakeFiles/urt_vl53.dir/st_api/vl53l0x_api.c.obj
 .rodata.VL53L0X_GetLimitCheckValue
                0x1000add8       0x18 CMakeFiles/urt_vl53.dir/st_api/vl53l0x_api.c.obj
 .rodata.VL53L0X_get_pal_range_status
                0x1000adf0       0x2c CMakeFiles/urt_vl53.dir/st_api/vl53l0x_api_core.c.obj
 .rodata.panic.str1.4
                0x1000ae1c       0x12 CMakeFiles/urt_vl53.dir/C_/Users/scott/pico-sdk/src/rp2_common/pico_platform_panic/panic.c.obj
 .rodata.spin_lock_claim_unused.str1.4
                0x1000ae1c       0x1b CMakeFiles/urt_vl53.dir/C_/Users/scott/pico-sdk/src/rp2_common/hardware_sync/sync.c.obj
 .rodata.user_irq_claim_unused.str1.4
                0x1000ae1c       0x1b CMakeFiles/urt_vl53.dir/C_/Users/scott/pico-sdk/src/rp2_common/hardware_irq/irq.c.obj
 *fill*         0x1000ae1c        0x4 
 .rodata.at_the_end_of_time
                0x1000ae20        0x8 CMakeFiles/urt_vl53.dir/C_/Users/scott/pico-sdk/src/common/pico_time/time.c.obj
                0x1000ae20                at_the_end_of_time
 .rodata.timer_hardware_alarm_claim.str1.4
                0x1000ae28       0x22 CMakeFiles/urt_vl53.dir/C_/Users/scott/pico-sdk/src/rp2_common/hardware_timer/timer.c.obj
 .rodata.hard_assertion_failure.str1.4
                0x1000ae28        0xc CMakeFiles/urt_vl53.dir/C_/Users/scott/pico-sdk/src/rp2_common/pico_runtime/runtime.c.obj
 .rodata.str1.4
                0x1000ae28       0x40 CMakeFiles/urt_vl53.dir/C_/Users/scott/pico-sdk/src/rp2_common/pico_standard_binary_info/standard_binary_info.c.obj
 .rodata.__bi_84
                0x1000ae28        0xc CMakeFiles/urt_vl53.dir/C_/Users/scott/pico-sdk/src/rp2_common/pico_standard_binary_info/standard_binary_info.c.obj
 .rodata.__bi_78
                0x1000ae34        0xc CMakeFiles/urt_vl53.dir/C_/Users/scott/pico-sdk/src/rp2_common/pico_standard_binary_info/standard_binary_info.c.obj
 .rodata.__bi_54
                0x1000ae40        0xc CMakeFiles/urt_vl53.dir/C_/Users/scott/pico-sdk/src/rp2_common/pico_standard_binary_info/standard_binary_info.c.obj
 .rodata.__bi_48
                0x1000ae4c        0xc CMakeFiles/urt_vl53.dir/C_/Users/scott/pico-sdk/src/rp2_common/pico_standard_binary_info/standard_binary_info.c.obj
 .rodata.__bi_42
                0x1000ae58        0xc CMakeFiles/urt_vl53.dir/C_/Users/scott/pico-sdk/src/rp2_common/pico_standard_binary_info/standard_binary_info.c.obj
 .rodata.__bi_34
                0x1000ae64        0xc CMakeFiles/urt_vl53.dir/C_/Users/scott/pico-sdk/src/rp2_common/pico_standard_binary_info/standard_binary_info.c.obj
 .rodata.__bi_26
                0x1000ae70        0xc CMakeFiles/urt_vl53.dir/C_/Users/scott/pico-sdk/src/rp2_common/pico_standard_binary_info/standard_binary_info.c.obj
 .rodata._ftoa.str1.4
                0x1000ae7c       0x15 CMakeFiles/urt_vl53.dir/C_/Users/scott/pico-sdk/src/rp2_common/pico_printf/printf.c.obj
 .rodata._vsnprintf
                0x1000ae7c      0x19c CMakeFiles/urt_vl53.dir/C_/Users/scott/pico-sdk/src/rp2_common/pico_printf/printf.c.obj
 .rodata.pow10.0
                0x1000b018       0x50 CMakeFiles/urt_vl53.dir/C_/Users/scott/pico-sdk/src/rp2_common/pico_printf/printf.c.obj
 .rodata.crlf_str.0
                0x1000b068        0x2 CMakeFiles/urt_vl53.dir/C_/Users/scott/pico-sdk/src/rp2_common/pico_stdio/stdio.c.obj
 *fill*         0x1000b06a        0x2 
 .rodata._resetd_driver
                0x1000b06c       0x20 CMakeFiles/urt_vl53.dir/C_/Users/scott/pico-sdk/src/rp2_common/pico_stdio_usb/reset_interface.c.obj
 .rodata.desc_ms_os_20
                0x1000b08c       0xa6 CMakeFiles/urt_vl53.dir/C_/Users/scott/pico-sdk/src/rp2_common/pico_stdio_usb/reset_interface.c.obj
 *fill*         0x1000b132        0x2 
 .rodata.desc_bos
                0x1000b134       0x21 CMakeFiles/urt_vl53.dir/C_/Users/scott/pico-sdk/src/rp2_common/pico_stdio_usb/reset_interface.c.obj
                0x1000b134                desc_bos
 .rodata.str1.4
                0x1000b155       0x13 CMakeFiles/urt_vl53.dir/C_/Users/scott/pico-sdk/src/rp2_common/pico_stdio_usb/stdio_usb.c.obj
 *fill*         0x1000b155        0x3 
 .rodata.__bi_202.0
                0x1000b158        0xc CMakeFiles/urt_vl53.dir/C_/Users/scott/pico-sdk/src/rp2_common/pico_stdio_usb/stdio_usb.c.obj
 .rodata.str1.4
                0x1000b164       0x2a CMakeFiles/urt_vl53.dir/C_/Users/scott/pico-sdk/src/rp2_common/pico_stdio_usb/stdio_usb_descriptors.c.obj
 .rodata.usbd_desc_str
                0x1000b164       0x18 CMakeFiles/urt_vl53.dir/C_/Users/scott/pico-sdk/src/rp2_common/pico_stdio_usb/stdio_usb_descriptors.c.obj
 .rodata.usbd_desc_cfg
                0x1000b17c       0x54 CMakeFiles/urt_vl53.dir/C_/Users/scott/pico-sdk/src/rp2_common/pico_stdio_usb/stdio_usb_descriptors.c.obj
 .rodata.usbd_desc_device
                0x1000b1d0       0x12 CMakeFiles/urt_vl53.dir/C_/Users/scott/pico-sdk/src/rp2_common/pico_stdio_usb/stdio_usb_descriptors.c.obj
 .rodata.str1.4
                0x1000b1e2       0x14 CMakeFiles/urt_vl53.dir/C_/Users/scott/pico-sdk/lib/tinyusb/src/portable/raspberrypi/rp2040/dcd_rp2040.c.obj
 .rodata.str1.4
                0x1000b1e2       0x48 CMakeFiles/urt_vl53.dir/C_/Users/scott/pico-sdk/lib/tinyusb/src/portable/raspberrypi/rp2040/rp2040_usb.c.obj
 *fill*         0x1000b1e2        0x2 
 .rodata.tud_task_ext
                0x1000b1e4       0x8c CMakeFiles/urt_vl53.dir/C_/Users/scott/pico-sdk/lib/tinyusb/src/device/usbd.c.obj
 .rodata        0x1000b270       0x1c CMakeFiles/urt_vl53.dir/C_/Users/scott/pico-sdk/lib/tinyusb/src/device/usbd.c.obj
 .rodata._usbd_driver
                0x1000b28c       0x40 CMakeFiles/urt_vl53.dir/C_/Users/scott/pico-sdk/lib/tinyusb/src/device/usbd.c.obj
                0x1000b2cc                        . = ALIGN (0x4)
 *(SORT_BY_ALIGNMENT(SORT_BY_NAME(.flashdata*)))
                0x1000b2cc                        . = ALIGN (0x4)

.ARM.extab
 *(.ARM.extab* .gnu.linkonce.armextab.*)
                0x1000b2cc                        __exidx_start = .

.ARM.exidx
 *(.ARM.exidx* .gnu.linkonce.armexidx.*)
                0x1000b2cc                        __exidx_end = .
                0x1000b2cc                        . = ALIGN (0x4)
                0x1000b2cc                        __binary_info_start = .

.binary_info    0x1000b2cc       0x20
 *(.binary_info.keep.*)
 .binary_info.keep.__bi_ptr84
                0x1000b2cc        0x4 CMakeFiles/urt_vl53.dir/C_/Users/scott/pico-sdk/src/rp2_common/pico_standard_binary_info/standard_binary_info.c.obj
 .binary_info.keep.__bi_ptr78
                0x1000b2d0        0x4 CMakeFiles/urt_vl53.dir/C_/Users/scott/pico-sdk/src/rp2_common/pico_standard_binary_info/standard_binary_info.c.obj
 .binary_info.keep.__bi_ptr54
                0x1000b2d4        0x4 CMakeFiles/urt_vl53.dir/C_/Users/scott/pico-sdk/src/rp2_common/pico_standard_binary_info/standard_binary_info.c.obj
 .binary_info.keep.__bi_ptr48
                0x1000b2d8        0x4 CMakeFiles/urt_vl53.dir/C_/Users/scott/pico-sdk/src/rp2_common/pico_standard_binary_info/standard_binary_info.c.obj
 .binary_info.keep.__bi_ptr42
                0x1000b2dc        0x4 CMakeFiles/urt_vl53.dir/C_/Users/scott/pico-sdk/src/rp2_common/pico_standard_binary_info/standard_binary_info.c.obj
 .binary_info.keep.__bi_ptr34
                0x1000b2e0        0x4 CMakeFiles/urt_vl53.dir/C_/Users/scott/pico-sdk/src/rp2_common/pico_standard_binary_info/standard_binary_info.c.obj
 .binary_info.keep.__bi_ptr26
                0x1000b2e4        0x4 CMakeFiles/urt_vl53.dir/C_/Users/scott/pico-sdk/src/rp2_common/pico_standard_binary_info/standard_binary_info.c.obj
 *(.binary_info.*)
 .binary_info.__bi_ptr202
                0x1000b2e8        0x4 CMakeFiles/urt_vl53.dir/C_/Users/scott/pico-sdk/src/rp2_common/pico_stdio_usb/stdio_usb.c.obj
                0x1000b2ec                        __binary_info_end = .
                0x1000b2ec                        . = ALIGN (0x4)

.ram_vector_table
                0x20000000       0xc0
 *(.ram_vector_table)
 .ram_vector_table
                0x20000000       0xc0 CMakeFiles/urt_vl53.dir/C_/Users/scott/pico-sdk/src/rp2_common/pico_runtime_init/runtime_init.c.obj
                0x20000000                ram_vector_table

.uninitialized_data
                0x200000c0        0x0
                0x200000c0                        . = ALIGN (0x4)
 *(.uninitialized_data*)

.data           0x200000c0     0x12b8 load address 0x1000b2ec
                0x200000c0                        __data_start__ = .
 *(vtable)
 *(.time_critical*)
 .time_critical.mutex_try_enter
                0x200000c0       0x40 CMakeFiles/urt_vl53.dir/C_/Users/scott/pico-sdk/src/common/pico_sync/mutex.c.obj
                0x200000c0                mutex_try_enter
 .time_critical.mutex_try_enter_block_until
                0x20000100       0x98 CMakeFiles/urt_vl53.dir/C_/Users/scott/pico-sdk/src/common/pico_sync/mutex.c.obj
                0x20000100                mutex_try_enter_block_until
 .time_critical.mutex_enter_timeout_ms
                0x20000198       0x8c CMakeFiles/urt_vl53.dir/C_/Users/scott/pico-sdk/src/common/pico_sync/mutex.c.obj
                0x20000198                mutex_enter_timeout_ms
 .time_critical.mutex_exit
                0x20000224       0x28 CMakeFiles/urt_vl53.dir/C_/Users/scott/pico-sdk/src/common/pico_sync/mutex.c.obj
                0x20000224                mutex_exit
 .time_critical.flash_init_boot2_copyout
                0x2000024c       0x30 CMakeFiles/urt_vl53.dir/C_/Users/scott/pico-sdk/src/rp2_common/hardware_flash/flash.c.obj
 .time_critical.flash_enable_xip_via_boot2
                0x2000027c        0xc CMakeFiles/urt_vl53.dir/C_/Users/scott/pico-sdk/src/rp2_common/hardware_flash/flash.c.obj
 .time_critical.flash_save_hardware_state
                0x20000288       0x20 CMakeFiles/urt_vl53.dir/C_/Users/scott/pico-sdk/src/rp2_common/hardware_flash/flash.c.obj
 .time_critical.flash_restore_hardware_state
                0x200002a8       0x20 CMakeFiles/urt_vl53.dir/C_/Users/scott/pico-sdk/src/rp2_common/hardware_flash/flash.c.obj
 .time_critical.flash_cs_force
                0x200002c8       0x38 CMakeFiles/urt_vl53.dir/C_/Users/scott/pico-sdk/src/rp2_common/hardware_flash/flash.c.obj
 .time_critical.flash_do_cmd
                0x20000300      0x13c CMakeFiles/urt_vl53.dir/C_/Users/scott/pico-sdk/src/rp2_common/hardware_flash/flash.c.obj
                0x20000300                flash_do_cmd
 .time_critical.reset_non_control_endpoints
                0x2000043c       0x68 CMakeFiles/urt_vl53.dir/C_/Users/scott/pico-sdk/lib/tinyusb/src/portable/raspberrypi/rp2040/dcd_rp2040.c.obj
 .time_critical.hw_handle_buff_status
                0x200004a4       0xa0 CMakeFiles/urt_vl53.dir/C_/Users/scott/pico-sdk/lib/tinyusb/src/portable/raspberrypi/rp2040/dcd_rp2040.c.obj
 .time_critical.dcd_rp2040_irq
                0x20000544      0x548 CMakeFiles/urt_vl53.dir/C_/Users/scott/pico-sdk/lib/tinyusb/src/portable/raspberrypi/rp2040/dcd_rp2040.c.obj
 .time_critical.prepare_ep_buffer
                0x20000a8c       0xc8 CMakeFiles/urt_vl53.dir/C_/Users/scott/pico-sdk/lib/tinyusb/src/portable/raspberrypi/rp2040/rp2040_usb.c.obj
 .time_critical.sync_ep_buffer
                0x20000b54       0x9c CMakeFiles/urt_vl53.dir/C_/Users/scott/pico-sdk/lib/tinyusb/src/portable/raspberrypi/rp2040/rp2040_usb.c.obj
 .time_critical._hw_endpoint_xfer_sync
                0x20000bf0       0x28 CMakeFiles/urt_vl53.dir/C_/Users/scott/pico-sdk/lib/tinyusb/src/portable/raspberrypi/rp2040/rp2040_usb.c.obj
 .time_critical.e15_is_bulkin_ep
                0x20000c18       0x28 CMakeFiles/urt_vl53.dir/C_/Users/scott/pico-sdk/lib/tinyusb/src/portable/raspberrypi/rp2040/rp2040_usb.c.obj
 .time_critical.e15_is_critical_frame_period
                0x20000c40       0x34 CMakeFiles/urt_vl53.dir/C_/Users/scott/pico-sdk/lib/tinyusb/src/portable/raspberrypi/rp2040/rp2040_usb.c.obj
 .time_critical.hw_endpoint_reset_transfer
                0x20000c74        0xc CMakeFiles/urt_vl53.dir/C_/Users/scott/pico-sdk/lib/tinyusb/src/portable/raspberrypi/rp2040/rp2040_usb.c.obj
                0x20000c74                hw_endpoint_reset_transfer
 .time_critical._hw_endpoint_buffer_control_update32
                0x20000c80       0x50 CMakeFiles/urt_vl53.dir/C_/Users/scott/pico-sdk/lib/tinyusb/src/portable/raspberrypi/rp2040/rp2040_usb.c.obj
                0x20000c80                _hw_endpoint_buffer_control_update32
 .time_critical.hw_endpoint_start_next_buffer
                0x20000cd0       0x68 CMakeFiles/urt_vl53.dir/C_/Users/scott/pico-sdk/lib/tinyusb/src/portable/raspberrypi/rp2040/rp2040_usb.c.obj
                0x20000cd0                hw_endpoint_start_next_buffer
 .time_critical.hw_endpoint_xfer_continue
                0x20000d38       0x40 CMakeFiles/urt_vl53.dir/C_/Users/scott/pico-sdk/lib/tinyusb/src/portable/raspberrypi/rp2040/rp2040_usb.c.obj
                0x20000d38                hw_endpoint_xfer_continue
 .time_critical.tinyusb
                0x20000d78      0x1e4 CMakeFiles/urt_vl53.dir/C_/Users/scott/pico-sdk/lib/tinyusb/src/device/usbd.c.obj
                0x20000d78                dcd_event_handler
 *(.text*)
 .text          0x20000f5c        0x4 C:/Users/scott/Documents/arm-gnu-toolchain-14.3.rel1-mingw-w64-i686-arm-none-eabi/bin/../lib/gcc/arm-none-eabi/14.3.1/thumb/v6-m/nofp\libgcc.a(_dvmd_tls.o)
                0x20000f5c                __aeabi_idiv0
                0x20000f5c                __aeabi_ldiv0
 .text.__stub   0x20000f60       0x80 linker stubs
                0x20000fe0                        . = ALIGN (0x4)
 *(.rodata*)
                0x20000fe0                        . = ALIGN (0x4)
 *(.data*)
 .data.s_gpio1  0x20000fe0        0x4 CMakeFiles/urt_vl53.dir/src/vl53.c.obj
 .data.InterruptThresholdSettings
                0x20000fe4      0x1b6 CMakeFiles/urt_vl53.dir/st_api/vl53l0x_api.c.obj
                0x20000fe4                InterruptThresholdSettings
 *fill*         0x2000119a        0x2 
 .data.DefaultTuningSettings
                0x2000119c       0xf3 CMakeFiles/urt_vl53.dir/st_api/vl53l0x_api.c.obj
                0x2000119c                DefaultTuningSettings
 *fill*         0x2000128f        0x1 
 .data.refArrayQuadrants
                0x20001290       0x10 CMakeFiles/urt_vl53.dir/st_api/vl53l0x_api_calibration.c.obj
                0x20001290                refArrayQuadrants
 .data.striped_spin_lock_num
                0x200012a0        0x1 CMakeFiles/urt_vl53.dir/C_/Users/scott/pico-sdk/src/rp2_common/hardware_sync/sync.c.obj
 *fill*         0x200012a1        0x3 
 .data          0x200012a4       0x48 CMakeFiles/urt_vl53.dir/C_/Users/scott/pico-sdk/src/rp2_common/hardware_irq/irq_handler_chain.S.obj
                0x200012a4                irq_handler_chain_slots
                0x200012d4                irq_handler_chain_first_slot
                0x200012de                irq_handler_chain_remove_tail
 .data.default_alarm_pool
                0x200012ec       0x18 CMakeFiles/urt_vl53.dir/C_/Users/scott/pico-sdk/src/common/pico_time/time.c.obj
 *fill*         0x20001304        0xc 
 .data.aeabi_bits_funcs
                0x20001310       0x10 CMakeFiles/urt_vl53.dir/C_/Users/scott/pico-sdk/src/rp2_common/pico_bit_ops/bit_ops_aeabi.S.obj
                0x20001310                aeabi_bits_funcs
                0x20001320                aeabi_bits_funcs_end
 .data.aeabi_mem_funcs
                0x20001320       0x10 CMakeFiles/urt_vl53.dir/C_/Users/scott/pico-sdk/src/rp2_common/pico_mem_ops/mem_ops_aeabi.S.obj
                0x20001320                aeabi_mem_funcs
                0x20001330                aeabi_mem_funcs_end
 .data.stdio_usb
                0x20001330       0x18 CMakeFiles/urt_vl53.dir/C_/Users/scott/pico-sdk/src/rp2_common/pico_stdio_usb/stdio_usb.c.obj
                0x20001330                stdio_usb
 .data._usbd_qdef
                0x20001348       0x1c CMakeFiles/urt_vl53.dir/C_/Users/scott/pico-sdk/lib/tinyusb/src/device/usbd.c.obj
                0x20001348                _usbd_qdef
 .data._usbd_rhport
                0x20001364        0x1 CMakeFiles/urt_vl53.dir/C_/Users/scott/pico-sdk/lib/tinyusb/src/device/usbd.c.obj
 *fill*         0x20001365        0x3 
 .data.i2c0_inst
                0x20001368        0x8 CMakeFiles/urt_vl53.dir/C_/Users/scott/pico-sdk/src/rp2_common/hardware_i2c/i2c.c.obj
                0x20001368                i2c0_inst
                0x20001370                        . = ALIGN (0x4)
 *(.after_data.*)
                0x20001370                        . = ALIGN (0x4)
                0x20001370                        PROVIDE (__mutex_array_start = .)
 *(SORT_BY_NAME(.mutex_array.*))
 *(.mutex_array)
 .mutex_array   0x20001370        0x8 CMakeFiles/urt_vl53.dir/C_/Users/scott/pico-sdk/src/rp2_common/pico_stdio/stdio.c.obj
                0x20001378                        PROVIDE (__mutex_array_end = .)
                0x20001378                        . = ALIGN (0x4)
 *(.jcr)
                0x20001378                        . = ALIGN (0x4)

.tm_clone_table
                0x20001378        0x0 load address 0x1000c5a4
 .tm_clone_table
                0x20001378        0x0 C:/Users/scott/Documents/arm-gnu-toolchain-14.3.rel1-mingw-w64-i686-arm-none-eabi/bin/../lib/gcc/arm-none-eabi/14.3.1/thumb/v6-m/nofp/crtbegin.o
 .tm_clone_table
                0x20001378        0x0 C:/Users/scott/Documents/arm-gnu-toolchain-14.3.rel1-mingw-w64-i686-arm-none-eabi/bin/../lib/gcc/arm-none-eabi/14.3.1/thumb/v6-m/nofp/crtend.o

.igot.plt       0x20001378        0x0 load address 0x1000c5a4
 .igot.plt      0x20001378        0x0 C:/Users/scott/Documents/arm-gnu-toolchain-14.3.rel1-mingw-w64-i686-arm-none-eabi/bin/../lib/gcc/arm-none-eabi/14.3.1/thumb/v6-m/nofp/crtbegin.o

.tdata          0x20001378        0x0 load address 0x1000c5a4
                0x20001378                        . = ALIGN (0x4)
 *(.tdata .tdata.* .gnu.linkonce.td.*)
                0x20001378                        __tdata_end = .
                0x20001378                        PROVIDE (__data_end__ = .)
                0x1000b2ec                        __etext = LOADADDR (.data)

.tbss           0x20001378        0x0 load address 0x1000c5a4
                0x20001378                        . = ALIGN (0x4)
                0x20001378                        __bss_start__ = .
                0x20001378                        __tls_base = .
 *(.tbss .tbss.* .gnu.linkonce.tb.*)
 *(.tcommon)
                0x20001378                        __tls_end = .

.bss            0x20001378     0x1084 load address 0x1000c5a4
                0x20001378                        . = ALIGN (0x4)
                0x20001378                        __tbss_end = .
 *(SORT_BY_ALIGNMENT(SORT_BY_NAME(.bss*)))
 .bss.default_alarm_pool_entries
                0x20001378      0x180 CMakeFiles/urt_vl53.dir/C_/Users/scott/pico-sdk/src/common/pico_time/time.c.obj
 .bss.last_avail_time.1
                0x200014f8        0x8 CMakeFiles/urt_vl53.dir/C_/Users/scott/pico-sdk/src/rp2_common/pico_stdio_usb/stdio_usb.c.obj
 .bss.sd_table  0x20001500      0x100 CMakeFiles/urt_vl53.dir/C_/Users/scott/pico-sdk/src/rp2_common/pico_double/double_init_rom_rp2040.c.obj
                0x20001500                sd_table
 .bss.sf_table  0x20001600      0x100 CMakeFiles/urt_vl53.dir/C_/Users/scott/pico-sdk/src/rp2_common/pico_float/float_init_rom_rp2040.c.obj
                0x20001600                sf_table
 .bss._app_driver
                0x20001700        0x4 CMakeFiles/urt_vl53.dir/C_/Users/scott/pico-sdk/lib/tinyusb/src/device/usbd.c.obj
 .bss._cdcd_epbuf
                0x20001704       0x80 CMakeFiles/urt_vl53.dir/C_/Users/scott/pico-sdk/lib/tinyusb/src/class/cdc/cdc_device.c.obj
 .bss._cdcd_fifo_cfg
                0x20001784        0x1 CMakeFiles/urt_vl53.dir/C_/Users/scott/pico-sdk/lib/tinyusb/src/class/cdc/cdc_device.c.obj
 *fill*         0x20001785        0x3 
 .bss._cdcd_itf
                0x20001788       0xc8 CMakeFiles/urt_vl53.dir/C_/Users/scott/pico-sdk/lib/tinyusb/src/class/cdc/cdc_device.c.obj
 .bss._ctrl_epbuf
                0x20001850       0x40 CMakeFiles/urt_vl53.dir/C_/Users/scott/pico-sdk/lib/tinyusb/src/device/usbd_control.c.obj
 .bss._ctrl_xfer
                0x20001890       0x14 CMakeFiles/urt_vl53.dir/C_/Users/scott/pico-sdk/lib/tinyusb/src/device/usbd_control.c.obj
 .bss._tusb_rhport_role
                0x200018a4        0x2 CMakeFiles/urt_vl53.dir/C_/Users/scott/pico-sdk/lib/tinyusb/src/tusb.c.obj
                0x200018a4                _tusb_rhport_role
 *fill*         0x200018a6        0x2 
 .bss._ubsd_mutexdef
                0x200018a8        0x8 CMakeFiles/urt_vl53.dir/C_/Users/scott/pico-sdk/lib/tinyusb/src/device/usbd.c.obj
 .bss._usbd_dev
                0x200018b0       0x54 CMakeFiles/urt_vl53.dir/C_/Users/scott/pico-sdk/lib/tinyusb/src/device/usbd.c.obj
 .bss._usbd_mutex
                0x20001904        0x4 CMakeFiles/urt_vl53.dir/C_/Users/scott/pico-sdk/lib/tinyusb/src/device/usbd.c.obj
 .bss._usbd_q   0x20001908        0x4 CMakeFiles/urt_vl53.dir/C_/Users/scott/pico-sdk/lib/tinyusb/src/device/usbd.c.obj
 .bss._usbd_qdef_buf
                0x2000190c       0xc0 CMakeFiles/urt_vl53.dir/C_/Users/scott/pico-sdk/lib/tinyusb/src/device/usbd.c.obj
                0x2000190c                _usbd_qdef_buf
 .bss._vendord_epbuf
                0x200019cc       0x80 CMakeFiles/urt_vl53.dir/C_/Users/scott/pico-sdk/lib/tinyusb/src/class/vendor/vendor_device.c.obj
 .bss._vendord_itf
                0x20001a4c      0x24c CMakeFiles/urt_vl53.dir/C_/Users/scott/pico-sdk/lib/tinyusb/src/class/vendor/vendor_device.c.obj
 .bss.boot2_copyout
                0x20001c98      0x100 CMakeFiles/urt_vl53.dir/C_/Users/scott/pico-sdk/src/rp2_common/hardware_flash/flash.c.obj
 .bss.chars_available_callback
                0x20001d98        0x4 CMakeFiles/urt_vl53.dir/C_/Users/scott/pico-sdk/src/rp2_common/pico_stdio_usb/stdio_usb.c.obj
 .bss.chars_available_param
                0x20001d9c        0x4 CMakeFiles/urt_vl53.dir/C_/Users/scott/pico-sdk/src/rp2_common/pico_stdio_usb/stdio_usb.c.obj
 .bss.claimed   0x20001da0        0x4 CMakeFiles/urt_vl53.dir/C_/Users/scott/pico-sdk/src/rp2_common/hardware_sync/sync.c.obj
 .bss.claimed   0x20001da4        0x1 CMakeFiles/urt_vl53.dir/C_/Users/scott/pico-sdk/src/rp2_common/hardware_timer/timer.c.obj
 *fill*         0x20001da5        0x3 
 .bss.configured_freq
                0x20001da8       0x28 CMakeFiles/urt_vl53.dir/C_/Users/scott/pico-sdk/src/rp2_common/hardware_clocks/clocks.c.obj
 .bss.desc_str.0
                0x20001dd0       0x28 CMakeFiles/urt_vl53.dir/C_/Users/scott/pico-sdk/src/rp2_common/pico_stdio_usb/stdio_usb_descriptors.c.obj
 .bss.drivers   0x20001df8        0x4 CMakeFiles/urt_vl53.dir/C_/Users/scott/pico-sdk/src/rp2_common/pico_stdio/stdio.c.obj
 .bss.e15_last_sof
                0x20001dfc        0x4 CMakeFiles/urt_vl53.dir/C_/Users/scott/pico-sdk/lib/tinyusb/src/portable/raspberrypi/rp2040/rp2040_usb.c.obj
                0x20001dfc                e15_last_sof
 .bss.filter    0x20001e00        0x4 CMakeFiles/urt_vl53.dir/C_/Users/scott/pico-sdk/src/rp2_common/pico_stdio/stdio.c.obj
 .bss.hw_endpoints
                0x20001e04      0x400 CMakeFiles/urt_vl53.dir/C_/Users/scott/pico-sdk/lib/tinyusb/src/portable/raspberrypi/rp2040/dcd_rp2040.c.obj
 .bss.lazy_vsnprintf
                0x20002204        0x4 CMakeFiles/urt_vl53.dir/C_/Users/scott/pico-sdk/src/rp2_common/pico_printf/printf.c.obj
 .bss.load_value